<html>
<body>
<pre>
<h1>礦ision Build Log</h1>
<h2>Tool Versions:</h2>
IDE-Version: μVision V5.21.1.0
Copyright (C) 2016 ARM Ltd and ARM Germany GmbH. All rights reserved.
License Information: 11 11, 11, LIC=585GK-Z5Z0R-EV21R-KZGUI-T25WC-0SLJW
 
Tool Versions:
Toolchain:       MDK-ARM Plus  Version: 5.21a
Toolchain Path:  C:\Keil_v5\ARM\ARMCC\Bin
C Compiler:      Armcc.exe V5.06 update 3 (build 300)
Assembler:       Armasm.exe V5.06 update 3 (build 300)
Linker/Locator:  ArmLink.exe V5.06 update 3 (build 300)
Library Manager: ArmAr.exe V5.06 update 3 (build 300)
Hex Converter:   FromElf.exe V5.06 update 3 (build 300)
CPU DLL:         SARMCM3.DLL V5.21a
Dialog DLL:      DARMSTM.DLL V1.66.0.1
Target DLL:      Segger\JL2CM3.dll V2.99.23.0
Dialog DLL:      TARMSTM.DLL V1.65.0.0
 
<h2>Project:</h2>
E:\AAA   淘宝订单\项目\未完成订单\未开工\17382 基于STM32单片机的居民用电情况触摸屏显示设计 已采购\居民用电源码\USER\Template.uvprojx
Project File Date:  04/12/2020

<h2>Output:</h2>
*** Using Compiler 'V5.06 update 3 (build 300)', folder: 'C:\Keil_v5\ARM\ARMCC\Bin'
Build target 'Target 1'
compiling ButtonUse.c...
..\EMWIN_DEMO\ButtonUse\ButtonUse.c(158): warning:  #550-D: variable "hWin" was set but never used
  	WM_HWIN hWin;
..\EMWIN_DEMO\ButtonUse\ButtonUse.c: 1 warning, 0 errors
linking...
Program Size: Code=147402 RO-data=56950 RW-data=1156 ZI-data=914212  
FromELF: creating hex file...
"..\OBJ\MALLOC.axf" - 0 Error(s), 1 Warning(s).

<h2>Collection of Component include folders:</h2>
  E:\AAA   淘宝订单\项目\未完成订单\未开工\17382 基于STM32单片机的居民用电情况触摸屏显示设计 已采购\居民用电源码\USER\RTE
  C:\Keil_v5\ARM\PACK\Keil\STM32F1xx_DFP\2.2.0\Device\Include

<h2>Collection of Component Files used:</h2>
Build Time Elapsed:  00:00:05
</pre>
</body>
</html>
