Component: ARM Compiler 5.06 update 3 (build 300) Tool: armlink [4d35c9]

==============================================================================

Section Cross References

    main.o(.text) refers to _printf_pad.o(.text) for _printf_pre_padding
    main.o(.text) refers to _printf_percent.o(.ARM.Collect$$_printf_percent$$00000000) for _printf_percent
    main.o(.text) refers to _printf_d.o(.ARM.Collect$$_printf_percent$$00000009) for _printf_d
    main.o(.text) refers to _printf_f.o(.ARM.Collect$$_printf_percent$$00000003) for _printf_f
    main.o(.text) refers to _printf_dec.o(.text) for _printf_int_dec
    main.o(.text) refers to printf1.o(x$fpl$printf1) for _printf_fp_dec
    main.o(.text) refers to stm32f10x_gpio.o(.text) for GPIO_ReadInputDataBit
    main.o(.text) refers to os_time.o(.text) for OSTimeDlyHMSM
    main.o(.text) refers to ili93xx.o(.text) for LCD_Clear
    main.o(.text) refers to os_core.o(.text) for OSSchedLock
    main.o(.text) refers to fontupd.o(.text) for update_font
    main.o(.text) refers to max6675.o(.text) for MAX6675_Read_data
    main.o(.text) refers to dflt_clz.o(x$fpl$dfltu) for __aeabi_ui2d
    main.o(.text) refers to scalbn.o(x$fpl$scalbn) for __ARM_scalbn
    main.o(.text) refers to d2f.o(x$fpl$d2f) for __aeabi_d2f
    main.o(.text) refers to ffixu.o(x$fpl$ffixu) for __aeabi_f2uiz
    main.o(.text) refers to gui_touch_driveranalog.o(i.GUI_TOUCH_Exec) for GUI_TOUCH_Exec
    main.o(.text) refers to gui_curs1.o(i.GUI_CURSOR_Show) for GUI_CURSOR_Show
    main.o(.text) refers to gui_setcolor.o(i.GUI_SetBkColor) for GUI_SetBkColor
    main.o(.text) refers to gui_core.o(i.GUI_Clear) for GUI_Clear
    main.o(.text) refers to gui_setfont.o(i.GUI_SetFont) for GUI_SetFont
    main.o(.text) refers to gui_dispstringat.o(i.GUI_DispStringAt) for GUI_DispStringAt
    main.o(.text) refers to esp8266.o(.text) for esp8266_init
    main.o(.text) refers to gui_setcolor.o(i.GUI_SetColor) for GUI_SetColor
    main.o(.text) refers to dfixu.o(x$fpl$dfixu) for __aeabi_d2uiz
    main.o(.text) refers to gui_val.o(i.GUI_DispDecAt) for GUI_DispDecAt
    main.o(.text) refers to gui_dispchar.o(i.GUI_DispCharAt) for GUI_DispCharAt
    main.o(.text) refers to button_skin.o(i.BUTTON_SetDefaultSkin) for BUTTON_SetDefaultSkin
    main.o(.text) refers to fmul.o(x$fpl$fmul) for __aeabi_fmul
    main.o(.text) refers to f2d.o(x$fpl$f2d) for __aeabi_f2d
    main.o(.text) refers to noretval__2printf.o(.text) for __2printf
    main.o(.text) refers to fflt_clz.o(x$fpl$ffltu) for __aeabi_ui2f
    main.o(.text) refers to pid.o(.text) for pid_realize
    main.o(.text) refers to faddsub_clz.o(x$fpl$frsb) for __aeabi_frsub
    main.o(.text) refers to fleqf.o(x$fpl$fleqf) for __aeabi_cfcmple
    main.o(.text) refers to fuzzypid.o(.text) for speed_pid
    main.o(.text) refers to stm32f10x_tim.o(.text) for TIM_Cmd
    main.o(.text) refers to beep.o(.text) for BEEP_ok
    main.o(.text) refers to faddsub_clz.o(x$fpl$fsub) for __aeabi_fsub
    main.o(.text) refers to smithpid.o(.text) for smith_pid_out
    main.o(.text) refers to ili93xx.o(.data) for POINT_COLOR
    main.o(.text) refers to max6675.o(.bss) for max6675_result_t
    main.o(.text) refers to main.o(.bss) for .bss
    main.o(.text) refers to gui_fonthz16.o(.constdata) for GUI_FontHZ16
    main.o(.text) refers to gui_fonthz24.o(.constdata) for GUI_FontHZ24
    main.o(.text) refers to button_skinflex.o(i.BUTTON_DrawSkinFlex) for BUTTON_DrawSkinFlex
    main.o(.text) refers to main.o(.data) for .data
    main.o(.text) refers to timer.o(.data) for time_param_t
    main.o(.text) refers to pid.o(.bss) for pid1
    main.o(.text) refers to fuzzypid.o(.data) for TtF
    main.o(.text) refers to fuzzypid.o(.data) for SsF
    main.o(.text) refers to noretval__2sprintf.o(.text) for __2sprintf
    main.o(.text) refers to strlen.o(.text) for strlen
    main.o(.text) refers to delay.o(.text) for delay_ms
    main.o(.text) refers to key.o(.text) for KEY_Scan
    main.o(.text) refers to gui_time.o(i.GUI_Delay) for GUI_Delay
    main.o(.text) refers to cpu_core.o(.text) for CPU_Init
    main.o(.text) refers to os_stat.o(.text) for OSStatTaskCPUUsageInit
    main.o(.text) refers to stm32f10x_rcc.o(.text) for RCC_AHBPeriphClockCmd
    main.o(.text) refers to gui_core.o(i.GUI_Init) for GUI_Init
    main.o(.text) refers to cpu_a.o(.text) for CPU_SR_Save
    main.o(.text) refers to os_task.o(.text) for OSTaskCreate
    main.o(.text) refers to main.o(.conststring) for .conststring
    main.o(.text) refers to os_var.o(.data) for OSSchedLockNestingCtr
    main.o(.text) refers to os_var.o(.data) for OSIntQNbrEntries
    main.o(.text) refers to misc.o(.text) for NVIC_PriorityGroupConfig
    main.o(.text) refers to usart.o(.text) for uart_init
    main.o(.text) refers to led.o(.text) for LED_Init
    main.o(.text) refers to sram.o(.text) for FSMC_SRAM_Init
    main.o(.text) refers to malloc.o(.text) for my_mem_init
    main.o(.text) refers to rt_memclr_w.o(.text) for __aeabi_memclr4
[...]
    0x0801e564   0x00000140   Code   RO         2517    i._GetClipParam     STemWin526_CM3_OS_Keil.lib(gui_sprite.o)
    0x0801e6a4   0x000000d4   Code   RO         2518    i._GetClipRect      STemWin526_CM3_OS_Keil.lib(gui_sprite.o)
    0x0801e778   0x0000000a   Code   RO         2805    i._GetDefaultWin    STemWin526_CM3_OS_Keil.lib(wm_getwindowsize.o)
    0x0801e782   0x00000002   PAD
    0x0801e784   0x00000010   Code   RO         2312    i._GetDevData       STemWin526_CM3_OS_Keil.lib(guidev_16.o)
    0x0801e794   0x00000004   Code   RO         2519    i._GetDevData       STemWin526_CM3_OS_Keil.lib(gui_sprite.o)
    0x0801e798   0x00000010   Code   RO         3514    i._GetDevData       STemWin526_CM3_OS_Keil.lib(guidev_32.o)
    0x0801e7a8   0x00000010   Code   RO         2313    i._GetDevFunc       STemWin526_CM3_OS_Keil.lib(guidev_16.o)
    0x0801e7b8   0x00000012   Code   RO         2520    i._GetDevFunc       STemWin526_CM3_OS_Keil.lib(gui_sprite.o)
    0x0801e7ca   0x00000002   PAD
    0x0801e7cc   0x00000010   Code   RO         3515    i._GetDevFunc       STemWin526_CM3_OS_Keil.lib(guidev_32.o)
    0x0801e7dc   0x0000001e   Code   RO         2207    i._GetDevProp       STemWin526_CM3_OS_Keil.lib(lcd_getex.o)
    0x0801e7fa   0x00000008   Code   RO         2314    i._GetDevProp       STemWin526_CM3_OS_Keil.lib(guidev_16.o)
    0x0801e802   0x0000000e   Code   RO         2521    i._GetDevProp       STemWin526_CM3_OS_Keil.lib(gui_sprite.o)
    0x0801e810   0x0000000c   Code   RO         3516    i._GetDevProp       STemWin526_CM3_OS_Keil.lib(guidev_32.o)
    0x0801e81c   0x00000040   Code   RO         2522    i._GetDeviceRect    STemWin526_CM3_OS_Keil.lib(gui_sprite.o)
    0x0801e85c   0x00000052   Code   RO         2922    i._GetIndexMask_0   STemWin526_CM3_OS_Keil.lib(guicc_0.o)
    0x0801e8ae   0x00000006   Code   RO         3397    i._GetIndexMask_8888  STemWin526_CM3_OS_Keil.lib(guicc_8888.o)
    0x0801e8b4   0x00000006   Code   RO         2122    i._GetIndexMask_M565  STemWin526_CM3_OS_Keil.lib(guicc_m565.o)
    0x0801e8ba   0x0000001e   Code   RO         2208    i._GetMaxValue      STemWin526_CM3_OS_Keil.lib(lcd_getex.o)
    0x0801e8d8   0x0000001c   Code   RO         1913    i._GetMinIndex      STemWin526_CM3_OS_Keil.lib(gui_alloc.o)
    0x0801e8f4   0x0000000e   Code   RO         2315    i._GetPixelIndex    STemWin526_CM3_OS_Keil.lib(guidev_16.o)
    0x0801e902   0x0000005e   Code   RO         2523    i._GetPixelIndex    STemWin526_CM3_OS_Keil.lib(gui_sprite.o)
    0x0801e960   0x0000000e   Code   RO         3517    i._GetPixelIndex    STemWin526_CM3_OS_Keil.lib(guidev_32.o)
    0x0801e96e   0x00000030   Code   RO         2316    i._GetRect          STemWin526_CM3_OS_Keil.lib(guidev_16.o)
    0x0801e99e   0x0000000e   Code   RO         2524    i._GetRect          STemWin526_CM3_OS_Keil.lib(gui_sprite.o)
    0x0801e9ac   0x00000030   Code   RO         3518    i._GetRect          STemWin526_CM3_OS_Keil.lib(guidev_32.o)
    0x0801e9dc   0x00000054   Code   RO         2371    i._GetTwinArcPara   STemWin526_CM3_OS_Keil.lib(gui__drawtwinarc.o)
    0x0801ea30   0x00000010   Code   RO         2463    i._GotoX            STemWin526_CM3_OS_Keil.lib(gui_goto.o)
    0x0801ea40   0x00000010   Code   RO         2464    i._GotoY            STemWin526_CM3_OS_Keil.lib(gui_goto.o)
    0x0801ea50   0x0000001c   Code   RO         2860    i._IncPointer       STemWin526_CM3_OS_Keil.lib(gui_onkey.o)
    0x0801ea6c   0x00000014   Code   RO         3269    i._IncPointer       STemWin526_CM3_OS_Keil.lib(gui_pid.o)
    0x0801ea80   0x00000006   Code   RO         2861    i._IncReadPointer   STemWin526_CM3_OS_Keil.lib(gui_onkey.o)
    0x0801ea86   0x00000002   PAD
    0x0801ea88   0x00000058   Code   RO         2123    i._Index2ColorBulk  STemWin526_CM3_OS_Keil.lib(guicc_m565.o)
    0x0801eae0   0x0000000e   Code   RO         3398    i._Index2ColorBulk  STemWin526_CM3_OS_Keil.lib(guicc_8888.o)
    0x0801eaee   0x00000020   Code   RO         2923    i._Index2Color_0    STemWin526_CM3_OS_Keil.lib(guicc_0.o)
    0x0801eb0e   0x00000002   PAD
    0x0801eb10   0x00000070   Code   RO         1974    i._InitContext      STemWin526_CM3_OS_Keil.lib(gui_core.o)
    0x0801eb80   0x000000a8   Code   RO         1914    i._InitOnce         STemWin526_CM3_OS_Keil.lib(gui_alloc.o)
    0x0801ec28   0x00000080   Code   RO         2731    i._Invalidate1Abs   STemWin526_CM3_OS_Keil.lib(wm.o)
    0x0801eca8   0x00000016   Code   RO         2525    i._Link             STemWin526_CM3_OS_Keil.lib(gui_sprite.o)
    0x0801ecbe   0x00000014   Code   RO         2088    i._Log2Phys         STemWin526_CM3_OS_Keil.lib(gui_touch_driveranalog.o)
    0x0801ecd2   0x00000002   Code   RO         2418    i._Log2VisBuffered  STemWin526_CM3_OS_Keil.lib(gui_charline.o)
    0x0801ecd4   0x00000008   Code   RO         3055    i._Min              STemWin526_CM3_OS_Keil.lib(guidev_banding.o)
    0x0801ecdc   0x0000006e   Code   RO         3733    i._MoveDescendents  STemWin526_CM3_OS_Keil.lib(wm_move.o)
    0x0801ed4a   0x0000002c   Code   RO         2653    i._OnButtonPressed  STemWin526_CM3_OS_Keil.lib(button.o)
    0x0801ed76   0x0000003a   Code   RO         2654    i._OnButtonReleased  STemWin526_CM3_OS_Keil.lib(button.o)
    0x0801edb0   0x00000034   Code   RO         1915    i._OnExit           STemWin526_CM3_OS_Keil.lib(gui_alloc.o)
    0x0801ede4   0x0000002c   Code   RO         1975    i._OnExit           STemWin526_CM3_OS_Keil.lib(gui_core.o)
    0x0801ee10   0x00000018   Code   RO         2013    i._OnExit           STemWin526_CM3_OS_Keil.lib(gui_curs1.o)
    0x0801ee28   0x00000014   Code   RO         2588    i._OnExit           STemWin526_CM3_OS_Keil.lib(gui_task.o)
    0x0801ee3c   0x00000014   Code   RO         2608    i._OnExit           STemWin526_CM3_OS_Keil.lib(lcd_color.o)
    0x0801ee50   0x00000034   Code   RO         2732    i._OnExit           STemWin526_CM3_OS_Keil.lib(wm.o)
    0x0801ee84   0x00000028   Code   RO         3215    i._OnExit           STemWin526_CM3_OS_Keil.lib(gui__alpha.o)
    0x0801eeac   0x00000040   Code   RO         2656    i._OnTouchDefault   STemWin526_CM3_OS_Keil.lib(button.o)
    0x0801eeec   0x0000007e   Code   RO         2343    i._Paint            STemWin526_CM3_OS_Keil.lib(button_skin.o)
    0x0801ef6a   0x0000014c   Code   RO         3084    i._Paint            STemWin526_CM3_OS_Keil.lib(button_skinclassic.o)
    0x0801f0b6   0x00000002   PAD
    0x0801f0b8   0x00000024   Code   RO         2733    i._Paint1           STemWin526_CM3_OS_Keil.lib(wm.o)
    0x0801f0dc   0x0000008c   Code   RO         2734    i._Paint1Trans      STemWin526_CM3_OS_Keil.lib(wm.o)
    0x0801f168   0x0000009a   Code   RO         2735    i._PaintTransChildren  STemWin526_CM3_OS_Keil.lib(wm.o)
    0x0801f202   0x0000003a   Code   RO         2526    i._PixelExists      STemWin526_CM3_OS_Keil.lib(gui_sprite.o)
    0x0801f23c   0x00000040   Code   RO         1916    i._PopFreeBlock     STemWin526_CM3_OS_Keil.lib(gui_alloc.o)
    0x0801f27c   0x00000028   Code   RO         1917    i._PushFreeBlock    STemWin526_CM3_OS_Keil.lib(gui_alloc.o)
    0x0801f2a4   0x0000001c   Code   RO         2527    i._ReleaseBuffer    STemWin526_CM3_OS_Keil.lib(gui_sprite.o)
    0x0801f2c0   0x00000034   Code   RO         1918    i._RemoveFreeBlock  STemWin526_CM3_OS_Keil.lib(gui_alloc.o)
    0x0801f2f4   0x0000005c   Code   RO         3369    i._RemoveFromLinList  STemWin526_CM3_OS_Keil.lib(gui_timer.o)
    0x0801f350   0x000000a0   Code   RO         1919    i._RemoveHoles      STemWin526_CM3_OS_Keil.lib(gui_alloc.o)
    0x0801f3f0   0x0000005a   Code   RO         3661    i._Screen2hWin      STemWin526_CM3_OS_Keil.lib(wm_screen2win.o)
    0x0801f44a   0x00000002   PAD
    0x0801f44c   0x00000024   Code   RO         3662    i._Screen2hWinStop  STemWin526_CM3_OS_Keil.lib(wm_screen2win.o)
    0x0801f470   0x00000020   Code   RO         2146    i._SetBkColor       STemWin526_CM3_OS_Keil.lib(lcd.o)
    0x0801f490   0x0000004c   Code   RO         2736    i._SetClipRectUserIntersect  STemWin526_CM3_OS_Keil.lib(wm.o)
    0x0801f4dc   0x00000020   Code   RO         2147    i._SetColor         STemWin526_CM3_OS_Keil.lib(lcd.o)
    0x0801f4fc   0x0000002c   Code   RO         2148    i._SetDrawMode      STemWin526_CM3_OS_Keil.lib(lcd.o)
    0x0801f528   0x00000034   Code   RO         2089    i._SetMinMax        STemWin526_CM3_OS_Keil.lib(gui_touch_driveranalog.o)
    0x0801f55c   0x00000008   Code   RO         2317    i._SetOrg           STemWin526_CM3_OS_Keil.lib(guidev_16.o)
    0x0801f564   0x0000000e   Code   RO         2530    i._SetOrg           STemWin526_CM3_OS_Keil.lib(gui_sprite.o)
    0x0801f572   0x00000008   Code   RO         3519    i._SetOrg           STemWin526_CM3_OS_Keil.lib(guidev_32.o)
    0x0801f57a   0x00000002   PAD
    0x0801f57c   0x00000048   Code   RO         2318    i._SetPixelIndex    STemWin526_CM3_OS_Keil.lib(guidev_16.o)
    0x0801f5c4   0x00000062   Code   RO         2531    i._SetPixelIndex    STemWin526_CM3_OS_Keil.lib(gui_sprite.o)
    0x0801f626   0x00000002   PAD
    0x0801f628   0x00000048   Code   RO         3520    i._SetPixelIndex    STemWin526_CM3_OS_Keil.lib(guidev_32.o)
    0x0801f670   0x0000029c   Code   RO         2532    i._SetPosition      STemWin526_CM3_OS_Keil.lib(gui_sprite.o)
    0x0801f90c   0x0000004a   Code   RO         2533    i._SetSpriteBkPixel  STemWin526_CM3_OS_Keil.lib(gui_sprite.o)
    0x0801f956   0x00000002   PAD
    0x0801f958   0x00000038   Code   RO         2014    i._Show             STemWin526_CM3_OS_Keil.lib(gui_curs1.o)
    0x0801f990   0x00000108   Code   RO         2534    i._SpriteDraw       STemWin526_CM3_OS_Keil.lib(gui_sprite.o)
    0x0801fa98   0x00000058   Code   RO         3270    i._StoreState       STemWin526_CM3_OS_Keil.lib(gui_pid.o)
    0x0801faf0   0x00000030   Code   RO         2090    i._StoreUnstable    STemWin526_CM3_OS_Keil.lib(gui_touch_driveranalog.o)
    0x0801fb20   0x000000ea   Code   RO         1920    i._TestRAM          STemWin526_CM3_OS_Keil.lib(gui_alloc.o)
    0x0801fc0a   0x00000002   PAD
    0x0801fc0c   0x000000d8   Code   RO         2535    i._Undraw           STemWin526_CM3_OS_Keil.lib(gui_sprite.o)
    0x0801fce4   0x00000016   Code   RO         2536    i._Unlink           STemWin526_CM3_OS_Keil.lib(gui_sprite.o)
    0x0801fcfa   0x00000002   PAD
    0x0801fcfc   0x00000050   Code   RO         3370    i._Unlink           STemWin526_CM3_OS_Keil.lib(gui_timer.o)
    0x0801fd4c   0x00000030   Code   RO         2042    i._UnlinkDevice     STemWin526_CM3_OS_Keil.lib(gui_device.o)
    0x0801fd7c   0x0000000e   Code   RO         1921    i._WriteTagData     STemWin526_CM3_OS_Keil.lib(gui_alloc.o)
    0x0801fd8a   0x00000002   PAD
    0x0801fd8c   0x00000340   Code   RO         2631    i._WriteToActiveOpaque_8  STemWin526_CM3_OS_Keil.lib(guidev_writetoactiveopaque.o)
    0x080200cc   0x00000354   Code   RO         2632    i._WriteToActiveOpaque_HT  STemWin526_CM3_OS_Keil.lib(guidev_writetoactiveopaque.o)
    0x08020420   0x0000003c   Code   RO         2319    i._XY2PTR           STemWin526_CM3_OS_Keil.lib(guidev_16.o)
    0x0802045c   0x0000003c   Code   RO         3521    i._XY2PTR           STemWin526_CM3_OS_Keil.lib(guidev_32.o)
    0x08020498   0x00000054   Code   RO         2320    i._XorPixel         STemWin526_CM3_OS_Keil.lib(guidev_16.o)
    0x080204ec   0x00000066   Code   RO         2537    i._XorPixel         STemWin526_CM3_OS_Keil.lib(gui_sprite.o)
    0x08020552   0x00000002   PAD
    0x08020554   0x00000058   Code   RO         3522    i._XorPixel         STemWin526_CM3_OS_Keil.lib(guidev_32.o)
    0x080205ac   0x00000028   Code   RO         4005    i.__ARM_fpclassify  m_ws.l(fpclassify.o)
    0x080205d4   0x000000aa   Code   RO         4007    i.__kernel_poly     m_ws.l(poly.o)
    0x0802067e   0x00000006   Code   RO         3992    i.__mathlib_dbl_infnan  m_ws.l(dunder.o)
    0x08020684   0x0000000e   Code   RO         3995    i.__mathlib_dbl_overflow  m_ws.l(dunder.o)
    0x08020692   0x00000002   PAD
    0x08020694   0x00000010   Code   RO         3997    i.__mathlib_dbl_underflow  m_ws.l(dunder.o)
    0x080206a4   0x00000044   Code   RO         2737    i._cbPaintMemDev    STemWin526_CM3_OS_Keil.lib(wm.o)
    0x080206e8   0x0000000e   Code   RO         3818    i._is_digit         c_w.l(__printf_wp.o)
    0x080206f6   0x00000002   PAD
    0x080206f8   0x00000050   Code   RO         2738    i.cbBackWin         STemWin526_CM3_OS_Keil.lib(wm.o)
    0x08020748   0x0000008a   Code   RO         2149    i.emWin_LCD_Init    STemWin526_CM3_OS_Keil.lib(lcd.o)
    0x080207d2   0x00000002   PAD
    0x080207d4   0x00000284   Code   RO         3925    i.exp               m_ws.l(exp.o)
    0x08020a58   0x0000004c   Code   RO         3935    i.sqrt              m_ws.l(sqrt.o)
    0x08020aa4   0x0000002c   Code   RO         4073    locale$$code        c_w.l(lc_numeric_c.o)
    0x08020ad0   0x00000062   Code   RO         3860    x$fpl$d2f           fz_ws.l(d2f.o)
    0x08020b32   0x00000002   PAD
    0x08020b34   0x00000150   Code   RO         3862    x$fpl$dadd          fz_ws.l(daddsub_clz.o)
    0x08020c84   0x00000010   Code   RO         3964    x$fpl$dcheck1       fz_ws.l(dcheck1.o)
    0x08020c94   0x00000018   Code   RO         3966    x$fpl$dcmpinf       fz_ws.l(dcmpi.o)
    0x08020cac   0x000002b0   Code   RO         3969    x$fpl$ddiv          fz_ws.l(ddiv.o)
    0x08020f5c   0x0000005e   Code   RO         3972    x$fpl$dfix          fz_ws.l(dfix.o)
    0x08020fba   0x00000002   PAD
    0x08020fbc   0x0000005a   Code   RO         3868    x$fpl$dfixu         fz_ws.l(dfixu.o)
    0x08021016   0x0000002e   Code   RO         3873    x$fpl$dflt          fz_ws.l(dflt_clz.o)
    0x08021044   0x00000026   Code   RO         3872    x$fpl$dfltu         fz_ws.l(dflt_clz.o)
    0x0802106a   0x00000002   PAD
    0x0802106c   0x00000078   Code   RO         3878    x$fpl$dleqf         fz_ws.l(dleqf.o)
    0x080210e4   0x00000154   Code   RO         3880    x$fpl$dmul          fz_ws.l(dmul.o)
    0x08021238   0x0000009c   Code   RO         3976    x$fpl$dnaninf       fz_ws.l(dnaninf.o)
    0x080212d4   0x0000000c   Code   RO         3978    x$fpl$dretinf       fz_ws.l(dretinf.o)
    0x080212e0   0x0000006c   Code   RO         3882    x$fpl$drleqf        fz_ws.l(drleqf.o)
    0x0802134c   0x00000016   Code   RO         3863    x$fpl$drsb          fz_ws.l(daddsub_clz.o)
    0x08021362   0x00000002   PAD
    0x08021364   0x000001cc   Code   RO         3980    x$fpl$dsqrt         fz_ws.l(dsqrt_noumaal.o)
    0x08021530   0x000001d4   Code   RO         3864    x$fpl$dsub          fz_ws.l(daddsub_clz.o)
    0x08021704   0x00000056   Code   RO         3884    x$fpl$f2d           fz_ws.l(f2d.o)
    0x0802175a   0x00000002   PAD
    0x0802175c   0x000000c4   Code   RO         3886    x$fpl$fadd          fz_ws.l(faddsub_clz.o)
    0x08021820   0x0000000c   Code   RO         3982    x$fpl$fcheck1       fz_ws.l(fcheck1.o)
    0x0802182c   0x00000018   Code   RO         3984    x$fpl$fcmpinf       fz_ws.l(fcmpi.o)
    0x08021844   0x00000184   Code   RO         3893    x$fpl$fdiv          fz_ws.l(fdiv.o)
    0x080219c8   0x00000068   Code   RO         3896    x$fpl$feqf          fz_ws.l(feqf.o)
    0x08021a30   0x00000036   Code   RO         3898    x$fpl$ffix          fz_ws.l(ffix.o)
    0x08021a66   0x00000002   PAD
    0x08021a68   0x0000003e   Code   RO         3902    x$fpl$ffixu         fz_ws.l(ffixu.o)
    0x08021aa6   0x00000002   PAD
    0x08021aa8   0x00000030   Code   RO         3907    x$fpl$fflt          fz_ws.l(fflt_clz.o)
    0x08021ad8   0x00000026   Code   RO         3906    x$fpl$ffltu         fz_ws.l(fflt_clz.o)
    0x08021afe   0x00000002   PAD
    0x08021b00   0x00000068   Code   RO         3912    x$fpl$fleqf         fz_ws.l(fleqf.o)
    0x08021b68   0x00000102   Code   RO         3914    x$fpl$fmul          fz_ws.l(fmul.o)
    0x08021c6a   0x0000008c   Code   RO         3986    x$fpl$fnaninf       fz_ws.l(fnaninf.o)
    0x08021cf6   0x0000000a   Code   RO         3988    x$fpl$fretinf       fz_ws.l(fretinf.o)
    0x08021d00   0x00000062   Code   RO         3916    x$fpl$frleqf        fz_ws.l(frleqf.o)
    0x08021d62   0x00000014   Code   RO         3887    x$fpl$frsb          fz_ws.l(faddsub_clz.o)
    0x08021d76   0x00000002   PAD
    0x08021d78   0x000000ea   Code   RO         3888    x$fpl$fsub          fz_ws.l(faddsub_clz.o)
    0x08021e62   0x00000004   Code   RO         3918    x$fpl$printf1       fz_ws.l(printf1.o)
    0x08021e66   0x00000064   Code   RO         4077    x$fpl$retnan        fz_ws.l(retnan.o)
    0x08021eca   0x0000005c   Code   RO         3920    x$fpl$scalbn        fz_ws.l(scalbn.o)
    0x08021f26   0x0000004c   Code   RO         3922    x$fpl$scalbnf       fz_ws.l(scalbnf.o)
    0x08021f72   0x00000030   Code   RO         4141    x$fpl$trapveneer    fz_ws.l(trapv.o)
    0x08021fa2   0x00000000   Code   RO         3990    x$fpl$usenofp       fz_ws.l(usenofp.o)
    0x08021fa2   0x000017c0   Data   RO          470    .constdata          ili93xx.o
    0x08023762   0x0000000a   Data   RO          565    .constdata          ft5206.o
    0x0802376c   0x000000c2   Data   RO          584    .constdata          gt9147.o
    0x0802382e   0x0000000a   Data   RO          603    .constdata          ott2001a.o
    0x08023838   0x00000004   Data   RO          620    .constdata          touch.o
    0x0802383c   0x0000024c   Data   RO          768    .constdata          fuzzypid.o
    0x08023a88   0x00000018   Data   RO          929    .constdata          malloc.o
    0x08023aa0   0x00000094   Data   RO         1145    .constdata          lib_str.o
    0x08023b34   0x00000100   Data   RO         1167    .constdata          cpu_core.o
    0x08023c34   0x00000094   Data   RO         1219    .constdata          os_cfg_app.o
    0x08023cc8   0x00000034   Data   RO         1587    .constdata          guidrv_template.o
    0x08023cfc   0x00000010   Data   RO         1668    .constdata          gui_fonthz12.o
    0x08023d0c   0x0000000c   Data   RO         1669    .constdata          gui_fonthz12.o
    0x08023d18   0x0000000c   Data   RO         1670    .constdata          gui_fonthz12.o
    0x08023d24   0x00000024   Data   RO         1671    .constdata          gui_fonthz12.o
    0x08023d48   0x00000010   Data   RO         1682    .constdata          gui_fonthz16.o
    0x08023d58   0x0000000c   Data   RO         1683    .constdata          gui_fonthz16.o
    0x08023d64   0x0000000c   Data   RO         1684    .constdata          gui_fonthz16.o
    0x08023d70   0x00000024   Data   RO         1685    .constdata          gui_fonthz16.o
    0x08023d94   0x00000010   Data   RO         1696    .constdata          gui_fonthz24.o
    0x08023da4   0x0000000c   Data   RO         1697    .constdata          gui_fonthz24.o
    0x08023db0   0x0000000c   Data   RO         1698    .constdata          gui_fonthz24.o
    0x08023dbc   0x00000024   Data   RO         1699    .constdata          gui_fonthz24.o
    0x08023de0   0x00000010   Data   RO         1711    .constdata          gui_uc_encodenone.o
    0x08023df0   0x00001c34   Data   RO         1731    .constdata          guicharpex.o
    0x08025a24   0x0000003a   Data   RO         1767    .constdata          ff.o
    0x08025a5e   0x00000002   PAD
    0x08025a60   0x00000138   Data   RO         1806    .constdata          exfuns.o
    0x08025b98   0x000003c0   Data   RO         1855    .constdata          mycc936.o
    0x08025f58   0x00000010   Data   RO         1869    .constdata          fontupd.o
    0x08025f68   0x00000008   Data   RO         1977    .constdata          STemWin526_CM3_OS_Keil.lib(gui_core.o)
    0x08025f70   0x00000008   Data   RO         2043    .constdata          STemWin526_CM3_OS_Keil.lib(gui_device.o)
    0x08025f78   0x00000018   Data   RO         2124    .constdata          STemWin526_CM3_OS_Keil.lib(guicc_m565.o)
    0x08025f90   0x0000000c   Data   RO         2150    .constdata          STemWin526_CM3_OS_Keil.lib(lcd.o)
    0x08025f9c   0x00000518   Data   RO         2298    .constdata          STemWin526_CM3_OS_Keil.lib(f6x8.o)
    0x080264b4   0x000001c0   Data   RO         2299    .constdata          STemWin526_CM3_OS_Keil.lib(f6x8.o)
    0x08026674   0x00000008   Data   RO         2300    .constdata          STemWin526_CM3_OS_Keil.lib(f6x8.o)
    0x0802667c   0x00000014   Data   RO         2301    .constdata          STemWin526_CM3_OS_Keil.lib(f6x8.o)
    0x08026690   0x00000024   Data   RO         2302    .constdata          STemWin526_CM3_OS_Keil.lib(f6x8.o)
    0x080266b4   0x00000074   Data   RO         2321    .constdata          STemWin526_CM3_OS_Keil.lib(guidev_16.o)
    0x08026728   0x00000010   Data   RO         2352    .constdata          STemWin526_CM3_OS_Keil.lib(button_skinflex.o)
    0x08026738   0x00000020   Data   RO         2360    .constdata          STemWin526_CM3_OS_Keil.lib(gui__divtbl_31_255.o)
    0x08026758   0x00000040   Data   RO         2361    .constdata          STemWin526_CM3_OS_Keil.lib(gui__divtbl_63_255.o)
    0x08026798   0x00000100   Data   RO         2362    .constdata          STemWin526_CM3_OS_Keil.lib(gui__divtbl_255_31.o)
    0x08026898   0x00000100   Data   RO         2363    .constdata          STemWin526_CM3_OS_Keil.lib(gui__divtbl_255_63.o)
    0x08026998   0x00000028   Data   RO         2397    .constdata          STemWin526_CM3_OS_Keil.lib(gui_adddecshift.o)
    0x080269c0   0x00000014   Data   RO         2426    .constdata          STemWin526_CM3_OS_Keil.lib(gui_cursorarrowm.o)
    0x080269d4   0x0000000c   Data   RO         2427    .constdata          STemWin526_CM3_OS_Keil.lib(gui_cursorarrowm.o)
    0x080269e0   0x00000034   Data   RO         2538    .constdata          STemWin526_CM3_OS_Keil.lib(gui_sprite.o)
    0x08026a14   0x00000100   Data   RO         2621    .constdata          STemWin526_CM3_OS_Keil.lib(lcd_mirror.o)
    0x08026b14   0x00000008   Data   RO         2633    .constdata          STemWin526_CM3_OS_Keil.lib(guidev_writetoactiveopaque.o)
    0x08026b1c   0x0000003c   Data   RO         2844    .constdata          STemWin526_CM3_OS_Keil.lib(gui_cursorarrowmpx.o)
    0x08026b58   0x0000000c   Data   RO         2845    .constdata          STemWin526_CM3_OS_Keil.lib(gui_cursorpal.o)
    0x08026b64   0x0000000c   Data   RO         2846    .constdata          STemWin526_CM3_OS_Keil.lib(gui_cursorpal.o)
    0x08026b70   0x00000018   Data   RO         2924    .constdata          STemWin526_CM3_OS_Keil.lib(guicc_0.o)
    0x08026b88   0x0000000d   Data   RO         2934    .constdata          STemWin526_CM3_OS_Keil.lib(f13_1.o)
    0x08026b95   0x0000000d   Data   RO         2935    .constdata          STemWin526_CM3_OS_Keil.lib(f13_1.o)
    0x08026ba2   0x0000000d   Data   RO         2936    .constdata          STemWin526_CM3_OS_Keil.lib(f13_1.o)
    0x08026baf   0x0000000d   Data   RO         2937    .constdata          STemWin526_CM3_OS_Keil.lib(f13_1.o)
    0x08026bbc   0x0000000d   Data   RO         2938    .constdata          STemWin526_CM3_OS_Keil.lib(f13_1.o)
    0x08026bc9   0x0000000d   Data   RO         2939    .constdata          STemWin526_CM3_OS_Keil.lib(f13_1.o)
    0x08026bd6   0x0000000d   Data   RO         2940    .constdata          STemWin526_CM3_OS_Keil.lib(f13_1.o)
    0x08026be3   0x0000000d   Data   RO         2941    .constdata          STemWin526_CM3_OS_Keil.lib(f13_1.o)
    0x08026bf0   0x0000000d   Data   RO         2942    .constdata          STemWin526_CM3_OS_Keil.lib(f13_1.o)
    0x08026bfd   0x0000001a   Data   RO         2943    .constdata          STemWin526_CM3_OS_Keil.lib(f13_1.o)
    0x08026c17   0x0000000d   Data   RO         2944    .constdata          STemWin526_CM3_OS_Keil.lib(f13_1.o)
    0x08026c24   0x0000000d   Data   RO         2945    .constdata          STemWin526_CM3_OS_Keil.lib(f13_1.o)
    0x08026c31   0x0000000d   Data   RO         2946    .constdata          STemWin526_CM3_OS_Keil.lib(f13_1.o)
    0x08026c3e   0x0000000d   Data   RO         2947    .constdata          STemWin526_CM3_OS_Keil.lib(f13_1.o)
    0x08026c4b   0x0000001a   Data   RO         2948    .constdata          STemWin526_CM3_OS_Keil.lib(f13_1.o)
    0x08026c65   0x0000000d   Data   RO         2949    .constdata          STemWin526_CM3_OS_Keil.lib(f13_1.o)
    0x08026c72   0x0000000d   Data   RO         2950    .constdata          STemWin526_CM3_OS_Keil.lib(f13_1.o)
    0x08026c7f   0x0000000d   Data   RO         2951    .constdata          STemWin526_CM3_OS_Keil.lib(f13_1.o)
    0x08026c8c   0x0000000d   Data   RO         2952    .constdata          STemWin526_CM3_OS_Keil.lib(f13_1.o)
    0x08026c99   0x0000000d   Data   RO         2953    .constdata          STemWin526_CM3_OS_Keil.lib(f13_1.o)
    0x08026ca6   0x0000000d   Data   RO         2954    .constdata          STemWin526_CM3_OS_Keil.lib(f13_1.o)
    0x08026cb3   0x0000000d   Data   RO         2955    .constdata          STemWin526_CM3_OS_Keil.lib(f13_1.o)
    0x08026cc0   0x0000000d   Data   RO         2956    .constdata          STemWin526_CM3_OS_Keil.lib(f13_1.o)
    0x08026ccd   0x0000000d   Data   RO         2957    .constdata          STemWin526_CM3_OS_Keil.lib(f13_1.o)
    0x08026cda   0x0000000d   Data   RO         2958    .constdata          STemWin526_CM3_OS_Keil.lib(f13_1.o)
    0x08026ce7   0x0000000d   Data   RO         2959    .constdata          STemWin526_CM3_OS_Keil.lib(f13_1.o)
    0x08026cf4   0x0000000d   Data   RO         2960    .constdata          STemWin526_CM3_OS_Keil.lib(f13_1.o)
    0x08026d01   0x0000000d   Data   RO         2961    .constdata          STemWin526_CM3_OS_Keil.lib(f13_1.o)
    0x08026d0e   0x0000001a   Data   RO         2962    .constdata          STemWin526_CM3_OS_Keil.lib(f13_1.o)
    0x08026d28   0x0000001a   Data   RO         2963    .constdata          STemWin526_CM3_OS_Keil.lib(f13_1.o)
    0x08026d42   0x0000001a   Data   RO         2964    .constdata          STemWin526_CM3_OS_Keil.lib(f13_1.o)
    0x08026d5c   0x0000000d   Data   RO         2965    .constdata          STemWin526_CM3_OS_Keil.lib(f13_1.o)
    0x08026d69   0x0000000d   Data   RO         2966    .constdata          STemWin526_CM3_OS_Keil.lib(f13_1.o)
    0x08026d76   0x0000000d   Data   RO         2967    .constdata          STemWin526_CM3_OS_Keil.lib(f13_1.o)
    0x08026d83   0x0000000d   Data   RO         2968    .constdata          STemWin526_CM3_OS_Keil.lib(f13_1.o)
    0x08026d90   0x0000000d   Data   RO         2969    .constdata          STemWin526_CM3_OS_Keil.lib(f13_1.o)
    0x08026d9d   0x0000000d   Data   RO         2970    .constdata          STemWin526_CM3_OS_Keil.lib(f13_1.o)
    0x08026daa   0x0000000d   Data   RO         2971    .constdata          STemWin526_CM3_OS_Keil.lib(f13_1.o)
    0x08026db7   0x0000001a   Data   RO         2972    .constdata          STemWin526_CM3_OS_Keil.lib(f13_1.o)
    0x08026dd1   0x0000000d   Data   RO         2973    .constdata          STemWin526_CM3_OS_Keil.lib(f13_1.o)
    0x08026dde   0x0000000d   Data   RO         2974    .constdata          STemWin526_CM3_OS_Keil.lib(f13_1.o)
    0x08026deb   0x0000000d   Data   RO         2975    .constdata          STemWin526_CM3_OS_Keil.lib(f13_1.o)
    0x08026df8   0x0000000d   Data   RO         2976    .constdata          STemWin526_CM3_OS_Keil.lib(f13_1.o)
    0x08026e05   0x0000000d   Data   RO         2977    .constdata          STemWin526_CM3_OS_Keil.lib(f13_1.o)
    0x08026e12   0x0000000d   Data   RO         2978    .constdata          STemWin526_CM3_OS_Keil.lib(f13_1.o)
    0x08026e1f   0x0000000d   Data   RO         2979    .constdata          STemWin526_CM3_OS_Keil.lib(f13_1.o)
    0x08026e2c   0x0000000d   Data   RO         2980    .constdata          STemWin526_CM3_OS_Keil.lib(f13_1.o)
    0x08026e39   0x0000000d   Data   RO         2981    .constdata          STemWin526_CM3_OS_Keil.lib(f13_1.o)
    0x08026e46   0x0000000d   Data   RO         2982    .constdata          STemWin526_CM3_OS_Keil.lib(f13_1.o)
    0x08026e53   0x0000000d   Data   RO         2983    .constdata          STemWin526_CM3_OS_Keil.lib(f13_1.o)
    0x08026e60   0x0000000d   Data   RO         2984    .constdata          STemWin526_CM3_OS_Keil.lib(f13_1.o)
    0x08026e6d   0x0000000d   Data   RO         2985    .constdata          STemWin526_CM3_OS_Keil.lib(f13_1.o)
    0x08026e7a   0x0000000d   Data   RO         2986    .constdata          STemWin526_CM3_OS_Keil.lib(f13_1.o)
    0x08026e87   0x0000000d   Data   RO         2987    .constdata          STemWin526_CM3_OS_Keil.lib(f13_1.o)
    0x08026e94   0x0000000d   Data   RO         2988    .constdata          STemWin526_CM3_OS_Keil.lib(f13_1.o)
    0x08026ea1   0x0000000d   Data   RO         2989    .constdata          STemWin526_CM3_OS_Keil.lib(f13_1.o)
    0x08026eae   0x0000000d   Data   RO         2990    .constdata          STemWin526_CM3_OS_Keil.lib(f13_1.o)
    0x08026ebb   0x0000000d   Data   RO         2991    .constdata          STemWin526_CM3_OS_Keil.lib(f13_1.o)
    0x08026ec8   0x0000000d   Data   RO         2992    .constdata          STemWin526_CM3_OS_Keil.lib(f13_1.o)
    0x08026ed5   0x0000000d   Data   RO         2993    .constdata          STemWin526_CM3_OS_Keil.lib(f13_1.o)
    0x08026ee2   0x0000000d   Data   RO         2994    .constdata          STemWin526_CM3_OS_Keil.lib(f13_1.o)
    0x08026eef   0x0000000d   Data   RO         2995    .constdata          STemWin526_CM3_OS_Keil.lib(f13_1.o)
    0x08026efc   0x0000000d   Data   RO         2996    .constdata          STemWin526_CM3_OS_Keil.lib(f13_1.o)
    0x08026f09   0x0000000d   Data   RO         2997    .constdata          STemWin526_CM3_OS_Keil.lib(f13_1.o)
    0x08026f16   0x0000000d   Data   RO         2998    .constdata          STemWin526_CM3_OS_Keil.lib(f13_1.o)
    0x08026f23   0x0000000d   Data   RO         2999    .constdata          STemWin526_CM3_OS_Keil.lib(f13_1.o)
    0x08026f30   0x0000000d   Data   RO         3000    .constdata          STemWin526_CM3_OS_Keil.lib(f13_1.o)
    0x08026f3d   0x0000000d   Data   RO         3001    .constdata          STemWin526_CM3_OS_Keil.lib(f13_1.o)
    0x08026f4a   0x0000000d   Data   RO         3002    .constdata          STemWin526_CM3_OS_Keil.lib(f13_1.o)
    0x08026f57   0x0000000d   Data   RO         3003    .constdata          STemWin526_CM3_OS_Keil.lib(f13_1.o)
    0x08026f64   0x0000001a   Data   RO         3004    .constdata          STemWin526_CM3_OS_Keil.lib(f13_1.o)
    0x08026f7e   0x0000000d   Data   RO         3005    .constdata          STemWin526_CM3_OS_Keil.lib(f13_1.o)
    0x08026f8b   0x0000000d   Data   RO         3006    .constdata          STemWin526_CM3_OS_Keil.lib(f13_1.o)
    0x08026f98   0x0000000d   Data   RO         3007    .constdata          STemWin526_CM3_OS_Keil.lib(f13_1.o)
    0x08026fa5   0x0000000d   Data   RO         3008    .constdata          STemWin526_CM3_OS_Keil.lib(f13_1.o)
    0x08026fb2   0x0000000d   Data   RO         3009    .constdata          STemWin526_CM3_OS_Keil.lib(f13_1.o)
    0x08026fbf   0x0000000d   Data   RO         3010    .constdata          STemWin526_CM3_OS_Keil.lib(f13_1.o)
    0x08026fcc   0x0000000d   Data   RO         3011    .constdata          STemWin526_CM3_OS_Keil.lib(f13_1.o)
    0x08026fd9   0x0000000d   Data   RO         3012    .constdata          STemWin526_CM3_OS_Keil.lib(f13_1.o)
    0x08026fe6   0x0000000d   Data   RO         3013    .constdata          STemWin526_CM3_OS_Keil.lib(f13_1.o)
    0x08026ff3   0x0000000d   Data   RO         3014    .constdata          STemWin526_CM3_OS_Keil.lib(f13_1.o)
    0x08027000   0x0000000d   Data   RO         3015    .constdata          STemWin526_CM3_OS_Keil.lib(f13_1.o)
    0x0802700d   0x0000000d   Data   RO         3016    .constdata          STemWin526_CM3_OS_Keil.lib(f13_1.o)
    0x0802701a   0x0000000d   Data   RO         3017    .constdata          STemWin526_CM3_OS_Keil.lib(f13_1.o)
    0x08027027   0x0000000d   Data   RO         3018    .constdata          STemWin526_CM3_OS_Keil.lib(f13_1.o)
    0x08027034   0x0000000d   Data   RO         3019    .constdata          STemWin526_CM3_OS_Keil.lib(f13_1.o)
    0x08027041   0x0000000d   Data   RO         3020    .constdata          STemWin526_CM3_OS_Keil.lib(f13_1.o)
    0x0802704e   0x0000000d   Data   RO         3021    .constdata          STemWin526_CM3_OS_Keil.lib(f13_1.o)
    0x0802705b   0x0000000d   Data   RO         3022    .constdata          STemWin526_CM3_OS_Keil.lib(f13_1.o)
    0x08027068   0x0000000d   Data   RO         3023    .constdata          STemWin526_CM3_OS_Keil.lib(f13_1.o)
    0x08027075   0x0000000d   Data   RO         3024    .constdata          STemWin526_CM3_OS_Keil.lib(f13_1.o)
    0x08027082   0x0000000d   Data   RO         3025    .constdata          STemWin526_CM3_OS_Keil.lib(f13_1.o)
    0x0802708f   0x0000000d   Data   RO         3026    .constdata          STemWin526_CM3_OS_Keil.lib(f13_1.o)
    0x0802709c   0x0000000d   Data   RO         3027    .constdata          STemWin526_CM3_OS_Keil.lib(f13_1.o)
    0x080270a9   0x0000000d   Data   RO         3028    .constdata          STemWin526_CM3_OS_Keil.lib(f13_1.o)
    0x080270b6   0x0000000d   Data   RO         3029    .constdata          STemWin526_CM3_OS_Keil.lib(f13_1.o)
    0x080270c3   0x00000001   PAD
    0x080270c4   0x00000300   Data   RO         3030    .constdata          STemWin526_CM3_OS_Keil.lib(f13_1.o)
    0x080273c4   0x0000000c   Data   RO         3031    .constdata          STemWin526_CM3_OS_Keil.lib(f13_1.o)
    0x080273d0   0x00000024   Data   RO         3032    .constdata          STemWin526_CM3_OS_Keil.lib(f13_1.o)
    0x080273f4   0x0000000c   Data   RO         3085    .constdata          STemWin526_CM3_OS_Keil.lib(button_skinclassic.o)
    0x08027400   0x00000018   Data   RO         3399    .constdata          STemWin526_CM3_OS_Keil.lib(guicc_8888.o)
    0x08027418   0x0000000d   Data   RO         3408    .constdata          STemWin526_CM3_OS_Keil.lib(f13_ascii.o)
    0x08027425   0x0000000d   Data   RO         3409    .constdata          STemWin526_CM3_OS_Keil.lib(f13_ascii.o)
    0x08027432   0x0000000d   Data   RO         3410    .constdata          STemWin526_CM3_OS_Keil.lib(f13_ascii.o)
    0x0802743f   0x0000000d   Data   RO         3411    .constdata          STemWin526_CM3_OS_Keil.lib(f13_ascii.o)
    0x0802744c   0x0000000d   Data   RO         3412    .constdata          STemWin526_CM3_OS_Keil.lib(f13_ascii.o)
    0x08027459   0x0000001a   Data   RO         3413    .constdata          STemWin526_CM3_OS_Keil.lib(f13_ascii.o)
    0x08027473   0x0000000d   Data   RO         3414    .constdata          STemWin526_CM3_OS_Keil.lib(f13_ascii.o)
    0x08027480   0x0000000d   Data   RO         3415    .constdata          STemWin526_CM3_OS_Keil.lib(f13_ascii.o)
    0x0802748d   0x0000000d   Data   RO         3416    .constdata          STemWin526_CM3_OS_Keil.lib(f13_ascii.o)
    0x0802749a   0x0000000d   Data   RO         3417    .constdata          STemWin526_CM3_OS_Keil.lib(f13_ascii.o)
    0x080274a7   0x0000000d   Data   RO         3418    .constdata          STemWin526_CM3_OS_Keil.lib(f13_ascii.o)
    0x080274b4   0x0000000d   Data   RO         3419    .constdata          STemWin526_CM3_OS_Keil.lib(f13_ascii.o)
    0x080274c1   0x0000000d   Data   RO         3420    .constdata          STemWin526_CM3_OS_Keil.lib(f13_ascii.o)
    0x080274ce   0x0000000d   Data   RO         3421    .constdata          STemWin526_CM3_OS_Keil.lib(f13_ascii.o)
    0x080274db   0x0000000d   Data   RO         3422    .constdata          STemWin526_CM3_OS_Keil.lib(f13_ascii.o)
    0x080274e8   0x0000000d   Data   RO         3423    .constdata          STemWin526_CM3_OS_Keil.lib(f13_ascii.o)
    0x080274f5   0x0000000d   Data   RO         3424    .constdata          STemWin526_CM3_OS_Keil.lib(f13_ascii.o)
    0x08027502   0x0000000d   Data   RO         3425    .constdata          STemWin526_CM3_OS_Keil.lib(f13_ascii.o)
    0x0802750f   0x0000000d   Data   RO         3426    .constdata          STemWin526_CM3_OS_Keil.lib(f13_ascii.o)
    0x0802751c   0x0000000d   Data   RO         3427    .constdata          STemWin526_CM3_OS_Keil.lib(f13_ascii.o)
    0x08027529   0x0000000d   Data   RO         3428    .constdata          STemWin526_CM3_OS_Keil.lib(f13_ascii.o)
    0x08027536   0x0000000d   Data   RO         3429    .constdata          STemWin526_CM3_OS_Keil.lib(f13_ascii.o)
    0x08027543   0x0000000d   Data   RO         3430    .constdata          STemWin526_CM3_OS_Keil.lib(f13_ascii.o)
    0x08027550   0x0000000d   Data   RO         3431    .constdata          STemWin526_CM3_OS_Keil.lib(f13_ascii.o)
    0x0802755d   0x0000000d   Data   RO         3432    .constdata          STemWin526_CM3_OS_Keil.lib(f13_ascii.o)
    0x0802756a   0x0000000d   Data   RO         3433    .constdata          STemWin526_CM3_OS_Keil.lib(f13_ascii.o)
    0x08027577   0x0000000d   Data   RO         3434    .constdata          STemWin526_CM3_OS_Keil.lib(f13_ascii.o)
    0x08027584   0x0000000d   Data   RO         3435    .constdata          STemWin526_CM3_OS_Keil.lib(f13_ascii.o)
    0x08027591   0x0000000d   Data   RO         3436    .constdata          STemWin526_CM3_OS_Keil.lib(f13_ascii.o)
    0x0802759e   0x0000000d   Data   RO         3437    .constdata          STemWin526_CM3_OS_Keil.lib(f13_ascii.o)
    0x080275ab   0x0000000d   Data   RO         3438    .constdata          STemWin526_CM3_OS_Keil.lib(f13_ascii.o)
    0x080275b8   0x0000000d   Data   RO         3439    .constdata          STemWin526_CM3_OS_Keil.lib(f13_ascii.o)
    0x080275c5   0x0000001a   Data   RO         3440    .constdata          STemWin526_CM3_OS_Keil.lib(f13_ascii.o)
    0x080275df   0x0000000d   Data   RO         3441    .constdata          STemWin526_CM3_OS_Keil.lib(f13_ascii.o)
    0x080275ec   0x0000000d   Data   RO         3442    .constdata          STemWin526_CM3_OS_Keil.lib(f13_ascii.o)
    0x080275f9   0x0000000d   Data   RO         3443    .constdata          STemWin526_CM3_OS_Keil.lib(f13_ascii.o)
    0x08027606   0x0000000d   Data   RO         3444    .constdata          STemWin526_CM3_OS_Keil.lib(f13_ascii.o)
    0x08027613   0x0000000d   Data   RO         3445    .constdata          STemWin526_CM3_OS_Keil.lib(f13_ascii.o)
    0x08027620   0x0000000d   Data   RO         3446    .constdata          STemWin526_CM3_OS_Keil.lib(f13_ascii.o)
    0x0802762d   0x0000000d   Data   RO         3447    .constdata          STemWin526_CM3_OS_Keil.lib(f13_ascii.o)
    0x0802763a   0x0000000d   Data   RO         3448    .constdata          STemWin526_CM3_OS_Keil.lib(f13_ascii.o)
    0x08027647   0x0000000d   Data   RO         3449    .constdata          STemWin526_CM3_OS_Keil.lib(f13_ascii.o)
    0x08027654   0x0000000d   Data   RO         3450    .constdata          STemWin526_CM3_OS_Keil.lib(f13_ascii.o)
    0x08027661   0x0000000d   Data   RO         3451    .constdata          STemWin526_CM3_OS_Keil.lib(f13_ascii.o)
    0x0802766e   0x0000000d   Data   RO         3452    .constdata          STemWin526_CM3_OS_Keil.lib(f13_ascii.o)
    0x0802767b   0x0000000d   Data   RO         3453    .constdata          STemWin526_CM3_OS_Keil.lib(f13_ascii.o)
    0x08027688   0x0000000d   Data   RO         3454    .constdata          STemWin526_CM3_OS_Keil.lib(f13_ascii.o)
    0x08027695   0x0000000d   Data   RO         3455    .constdata          STemWin526_CM3_OS_Keil.lib(f13_ascii.o)
    0x080276a2   0x0000000d   Data   RO         3456    .constdata          STemWin526_CM3_OS_Keil.lib(f13_ascii.o)
    0x080276af   0x0000000d   Data   RO         3457    .constdata          STemWin526_CM3_OS_Keil.lib(f13_ascii.o)
    0x080276bc   0x0000000d   Data   RO         3458    .constdata          STemWin526_CM3_OS_Keil.lib(f13_ascii.o)
    0x080276c9   0x0000000d   Data   RO         3459    .constdata          STemWin526_CM3_OS_Keil.lib(f13_ascii.o)
    0x080276d6   0x0000000d   Data   RO         3460    .constdata          STemWin526_CM3_OS_Keil.lib(f13_ascii.o)
    0x080276e3   0x0000000d   Data   RO         3461    .constdata          STemWin526_CM3_OS_Keil.lib(f13_ascii.o)
    0x080276f0   0x0000000d   Data   RO         3462    .constdata          STemWin526_CM3_OS_Keil.lib(f13_ascii.o)
    0x080276fd   0x0000001a   Data   RO         3463    .constdata          STemWin526_CM3_OS_Keil.lib(f13_ascii.o)
    0x08027717   0x0000000d   Data   RO         3464    .constdata          STemWin526_CM3_OS_Keil.lib(f13_ascii.o)
    0x08027724   0x0000000d   Data   RO         3465    .constdata          STemWin526_CM3_OS_Keil.lib(f13_ascii.o)
    0x08027731   0x0000000d   Data   RO         3466    .constdata          STemWin526_CM3_OS_Keil.lib(f13_ascii.o)
    0x0802773e   0x0000000d   Data   RO         3467    .constdata          STemWin526_CM3_OS_Keil.lib(f13_ascii.o)
    0x0802774b   0x0000000d   Data   RO         3468    .constdata          STemWin526_CM3_OS_Keil.lib(f13_ascii.o)
    0x08027758   0x0000000d   Data   RO         3469    .constdata          STemWin526_CM3_OS_Keil.lib(f13_ascii.o)
    0x08027765   0x0000000d   Data   RO         3470    .constdata          STemWin526_CM3_OS_Keil.lib(f13_ascii.o)
    0x08027772   0x0000000d   Data   RO         3471    .constdata          STemWin526_CM3_OS_Keil.lib(f13_ascii.o)
    0x0802777f   0x0000000d   Data   RO         3472    .constdata          STemWin526_CM3_OS_Keil.lib(f13_ascii.o)
    0x0802778c   0x0000000d   Data   RO         3473    .constdata          STemWin526_CM3_OS_Keil.lib(f13_ascii.o)
    0x08027799   0x0000000d   Data   RO         3474    .constdata          STemWin526_CM3_OS_Keil.lib(f13_ascii.o)
    0x080277a6   0x0000000d   Data   RO         3475    .constdata          STemWin526_CM3_OS_Keil.lib(f13_ascii.o)
    0x080277b3   0x0000000d   Data   RO         3476    .constdata          STemWin526_CM3_OS_Keil.lib(f13_ascii.o)
    0x080277c0   0x0000000d   Data   RO         3477    .constdata          STemWin526_CM3_OS_Keil.lib(f13_ascii.o)
    0x080277cd   0x0000000d   Data   RO         3478    .constdata          STemWin526_CM3_OS_Keil.lib(f13_ascii.o)
    0x080277da   0x0000000d   Data   RO         3479    .constdata          STemWin526_CM3_OS_Keil.lib(f13_ascii.o)
    0x080277e7   0x0000000d   Data   RO         3480    .constdata          STemWin526_CM3_OS_Keil.lib(f13_ascii.o)
    0x080277f4   0x0000000d   Data   RO         3481    .constdata          STemWin526_CM3_OS_Keil.lib(f13_ascii.o)
    0x08027801   0x0000000d   Data   RO         3482    .constdata          STemWin526_CM3_OS_Keil.lib(f13_ascii.o)
    0x0802780e   0x0000000d   Data   RO         3483    .constdata          STemWin526_CM3_OS_Keil.lib(f13_ascii.o)
    0x0802781b   0x0000000d   Data   RO         3484    .constdata          STemWin526_CM3_OS_Keil.lib(f13_ascii.o)
    0x08027828   0x0000000d   Data   RO         3485    .constdata          STemWin526_CM3_OS_Keil.lib(f13_ascii.o)
    0x08027835   0x0000000d   Data   RO         3486    .constdata          STemWin526_CM3_OS_Keil.lib(f13_ascii.o)
    0x08027842   0x0000000d   Data   RO         3487    .constdata          STemWin526_CM3_OS_Keil.lib(f13_ascii.o)
    0x0802784f   0x0000000d   Data   RO         3488    .constdata          STemWin526_CM3_OS_Keil.lib(f13_ascii.o)
    0x0802785c   0x0000000d   Data   RO         3489    .constdata          STemWin526_CM3_OS_Keil.lib(f13_ascii.o)
    0x08027869   0x0000000d   Data   RO         3490    .constdata          STemWin526_CM3_OS_Keil.lib(f13_ascii.o)
    0x08027876   0x0000000d   Data   RO         3491    .constdata          STemWin526_CM3_OS_Keil.lib(f13_ascii.o)
    0x08027883   0x0000000d   Data   RO         3492    .constdata          STemWin526_CM3_OS_Keil.lib(f13_ascii.o)
    0x08027890   0x0000000d   Data   RO         3493    .constdata          STemWin526_CM3_OS_Keil.lib(f13_ascii.o)
    0x0802789d   0x0000000d   Data   RO         3494    .constdata          STemWin526_CM3_OS_Keil.lib(f13_ascii.o)
    0x080278aa   0x0000000d   Data   RO         3495    .constdata          STemWin526_CM3_OS_Keil.lib(f13_ascii.o)
    0x080278b7   0x0000000d   Data   RO         3496    .constdata          STemWin526_CM3_OS_Keil.lib(f13_ascii.o)
    0x080278c4   0x0000000d   Data   RO         3497    .constdata          STemWin526_CM3_OS_Keil.lib(f13_ascii.o)
    0x080278d1   0x0000000d   Data   RO         3498    .constdata          STemWin526_CM3_OS_Keil.lib(f13_ascii.o)
    0x080278de   0x0000000d   Data   RO         3499    .constdata          STemWin526_CM3_OS_Keil.lib(f13_ascii.o)
    0x080278eb   0x0000000d   Data   RO         3500    .constdata          STemWin526_CM3_OS_Keil.lib(f13_ascii.o)
    0x080278f8   0x0000000d   Data   RO         3501    .constdata          STemWin526_CM3_OS_Keil.lib(f13_ascii.o)
    0x08027905   0x0000000d   Data   RO         3502    .constdata          STemWin526_CM3_OS_Keil.lib(f13_ascii.o)
    0x08027912   0x00000002   PAD
    0x08027914   0x000002f8   Data   RO         3503    .constdata          STemWin526_CM3_OS_Keil.lib(f13_ascii.o)
    0x08027c0c   0x0000000c   Data   RO         3504    .constdata          STemWin526_CM3_OS_Keil.lib(f13_ascii.o)
    0x08027c18   0x00000074   Data   RO         3523    .constdata          STemWin526_CM3_OS_Keil.lib(guidev_32.o)
    0x08027c8c   0x00000018   Data   RO         3565    .constdata          STemWin526_CM3_OS_Keil.lib(guidev_usagebm.o)
    0x08027ca4   0x00000028   Data   RO         3791    .constdata          c_w.l(_printf_hex_int.o)
    0x08027ccc   0x00000011   Data   RO         3821    .constdata          c_w.l(__printf_flags_wp.o)
    0x08027cdd   0x00000003   PAD
    0x08027ce0   0x00000058   Data   RO         3926    .constdata          m_ws.l(exp.o)
    0x08027d38   0x00000094   Data   RO         4044    .constdata          c_w.l(bigflt0.o)
    0x08027dcc   0x0000008f   Data   RO            3    .conststring        main.o
    0x08027e5b   0x00000001   PAD
    0x08027e5c   0x00000079   Data   RO          621    .conststring        touch.o
    0x08027ed5   0x00000003   PAD
    0x08027ed8   0x00000002   Data   RO         1673    .conststring        gui_fonthz12.o
    0x08027eda   0x00000002   PAD
    0x08027edc   0x00000060   Data   RO         1807    .conststring        exfuns.o
    0x08027f3c   0x0000005f   Data   RO         1870    .conststring        fontupd.o
    0x08027f9b   0x00000001   PAD
    0x08027f9c   0x00000020   Data   RO         4220    Region$$Table       anon$$obj.o
    0x08027fbc   0x0000001c   Data   RO         4072    locale$$data        c_w.l(lc_numeric_c.o)


    Execution Region RW_IRAM1 (Base: 0x20000000, Size: 0x0000fe30, Max: 0x00010000, ABSOLUTE, COMPRESSED[0x00000124])

    Base Addr    Size         Type   Attr      Idx    E Section Name        Object

    0x20000000   0x00000004   Data   RW            4    .data               main.o
    0x20000004   0x00000014   Data   RW          419    .data               system_stm32f10x.o
    0x20000018   0x00000001   Data   RW          449    .data               key.o
    0x20000019   0x00000001   PAD
    0x2000001a   0x00000004   Data   RW          471    .data               ili93xx.o
    0x2000001e   0x00000001   Data   RW          566    .data               ft5206.o
    0x2000001f   0x00000001   Data   RW          585    .data               gt9147.o
    0x20000020   0x00000001   Data   RW          604    .data               ott2001a.o
    0x20000021   0x00000003   PAD
    0x20000024   0x00000038   Data   RW          622    .data               touch.o
    0x2000005c   0x00000006   Data   RW          641    .data               timer.o
    0x20000062   0x00000002   PAD
    0x20000064   0x00000010   Data   RW          660    .data               sdio_sdcard.o
    0x20000074   0x00000002   Data   RW          687    .data               w25qxx.o
    0x20000076   0x00000002   Data   RW          719    .data               max6675.o
    0x20000078   0x00000028   Data   RW          769    .data               fuzzypid.o
    0x200000a0   0x00000004   Data   RW          770    .data               fuzzypid.o
    0x200000a4   0x00000004   Data   RW          771    .data               fuzzypid.o
    0x200000a8   0x00000008   Data   RW          790    .data               smithpid.o
    0x200000b0   0x00000008   Data   RW          807    .data               esp8266.o
    0x200000b8   0x00000004   Data   RW          870    .data               delay.o
    0x200000bc   0x00000002   Data   RW          902    .data               usart.o
    0x200000be   0x00000002   PAD
    0x200000c0   0x00000004   Data   RW          903    .data               usart.o
    0x200000c4   0x0000001c   Data   RW          930    .data               malloc.o
    0x200000e0   0x00000014   Data   RW         1000    .data               stm32f10x_rcc.o
    0x200000f4   0x00000004   Data   RW         1127    .data               lib_mem.o
    0x200000f8   0x00000004   Data   RW         1169    .data               cpu_core.o
    0x200000fc   0x00000008   Data   RW         1338    .data               os_prio.o
    0x20000104   0x00000004   Data   RW         1450    .data               os_var.o
    0x20000108   0x00000004   Data   RW         1451    .data               os_var.o
    0x2000010c   0x00000004   Data   RW         1452    .data               os_var.o
    0x20000110   0x00000004   Data   RW         1453    .data               os_var.o
    0x20000114   0x00000004   Data   RW         1454    .data               os_var.o
    0x20000118   0x00000004   Data   RW         1455    .data               os_var.o
    0x2000011c   0x00000004   Data   RW         1456    .data               os_var.o
    0x20000120   0x00000004   Data   RW         1457    .data               os_var.o
    0x20000124   0x00000001   Data   RW         1458    .data               os_var.o
    0x20000125   0x00000001   Data   RW         1459    .data               os_var.o
    0x20000126   0x00000002   PAD
    0x20000128   0x00000004   Data   RW         1460    .data               os_var.o
    0x2000012c   0x00000004   Data   RW         1461    .data               os_var.o
    0x20000130   0x00000002   Data   RW         1462    .data               os_var.o
    0x20000132   0x00000002   Data   RW         1463    .data               os_var.o
    0x20000134   0x00000002   Data   RW         1464    .data               os_var.o
    0x20000136   0x00000002   PAD
    0x20000138   0x00000004   Data   RW         1465    .data               os_var.o
    0x2000013c   0x00000004   Data   RW         1466    .data               os_var.o
    0x20000140   0x00000002   Data   RW         1467    .data               os_var.o
    0x20000142   0x00000002   PAD
    0x20000144   0x00000004   Data   RW         1468    .data               os_var.o
    0x20000148   0x00000002   Data   RW         1469    .data               os_var.o
    0x2000014a   0x00000002   PAD
    0x2000014c   0x00000004   Data   RW         1470    .data               os_var.o
    0x20000150   0x00000002   Data   RW         1471    .data               os_var.o
    0x20000152   0x00000001   Data   RW         1472    .data               os_var.o
    0x20000153   0x00000001   Data   RW         1473    .data               os_var.o
    0x20000154   0x00000001   Data   RW         1474    .data               os_var.o
    0x20000155   0x00000003   PAD
    0x20000158   0x00000004   Data   RW         1475    .data               os_var.o
    0x2000015c   0x00000002   Data   RW         1476    .data               os_var.o
    0x2000015e   0x00000002   PAD
    0x20000160   0x00000004   Data   RW         1477    .data               os_var.o
    0x20000164   0x00000004   Data   RW         1478    .data               os_var.o
    0x20000168   0x00000004   Data   RW         1479    .data               os_var.o
    0x2000016c   0x00000001   Data   RW         1480    .data               os_var.o
    0x2000016d   0x00000003   PAD
    0x20000170   0x00000004   Data   RW         1481    .data               os_var.o
    0x20000174   0x00000001   Data   RW         1482    .data               os_var.o
    0x20000175   0x00000003   PAD
    0x20000178   0x00000004   Data   RW         1483    .data               os_var.o
    0x2000017c   0x00000002   Data   RW         1484    .data               os_var.o
    0x2000017e   0x00000001   Data   RW         1485    .data               os_var.o
    0x2000017f   0x00000001   PAD
    0x20000180   0x00000002   Data   RW         1486    .data               os_var.o
    0x20000182   0x00000002   Data   RW         1487    .data               os_var.o
    0x20000184   0x00000004   Data   RW         1488    .data               os_var.o
    0x20000188   0x00000004   Data   RW         1489    .data               os_var.o
    0x2000018c   0x00000004   Data   RW         1490    .data               os_var.o
    0x20000190   0x00000001   Data   RW         1491    .data               os_var.o
    0x20000191   0x00000003   PAD
    0x20000194   0x00000004   Data   RW         1492    .data               os_var.o
    0x20000198   0x00000004   Data   RW         1493    .data               os_var.o
    0x2000019c   0x00000004   Data   RW         1494    .data               os_var.o
    0x200001a0   0x00000002   Data   RW         1495    .data               os_var.o
    0x200001a2   0x00000001   Data   RW         1496    .data               os_var.o
    0x200001a3   0x00000001   PAD
    0x200001a4   0x00000004   Data   RW         1497    .data               os_var.o
    0x200001a8   0x00000004   Data   RW         1498    .data               os_var.o
    0x200001ac   0x00000004   Data   RW         1499    .data               os_var.o
    0x200001b0   0x00000002   Data   RW         1500    .data               os_var.o
    0x200001b2   0x00000002   PAD
    0x200001b4   0x00000004   Data   RW         1501    .data               os_var.o
    0x200001b8   0x00000004   Data   RW         1502    .data               os_var.o
    0x200001bc   0x00000004   Data   RW         1503    .data               os_var.o
    0x200001c0   0x00000004   Data   RW         1504    .data               os_var.o
    0x200001c4   0x00000004   Data   RW         1505    .data               os_var.o
    0x200001c8   0x00000004   Data   RW         1506    .data               os_var.o
    0x200001cc   0x00000004   Data   RW         1520    .data               os_cpu_c.o
    0x200001d0   0x00000014   Data   RW         1572    .data               gui_x_ucosiii.o
    0x200001e4   0x00000008   Data   RW         1588    .data               guidrv_template.o
    0x200001ec   0x0000000c   Data   RW         1768    .data               ff.o
    0x200001f8   0x00000002   Data   RW         1789    .data               diskio.o
    0x200001fa   0x00000002   PAD
    0x200001fc   0x00000014   Data   RW         1808    .data               exfuns.o
    0x20000210   0x00000008   Data   RW         1923    .data               STemWin526_CM3_OS_Keil.lib(gui_alloc.o)
    0x20000218   0x0000002c   Data   RW         1978    .data               STemWin526_CM3_OS_Keil.lib(gui_core.o)
    0x20000244   0x00000004   Data   RW         1979    .data               STemWin526_CM3_OS_Keil.lib(gui_core.o)
    0x20000248   0x00000004   Data   RW         1980    .data               STemWin526_CM3_OS_Keil.lib(gui_core.o)
    0x2000024c   0x00000004   Data   RW         1981    .data               STemWin526_CM3_OS_Keil.lib(gui_core.o)
    0x20000250   0x00000004   Data   RW         1982    .data               STemWin526_CM3_OS_Keil.lib(gui_core.o)
    0x20000254   0x00000004   Data   RW         1983    .data               STemWin526_CM3_OS_Keil.lib(gui_core.o)
    0x20000258   0x00000002   Data   RW         1984    .data               STemWin526_CM3_OS_Keil.lib(gui_core.o)
    0x2000025a   0x00000002   PAD
    0x2000025c   0x00000004   Data   RW         1985    .data               STemWin526_CM3_OS_Keil.lib(gui_core.o)
    0x20000260   0x00000002   Data   RW         1986    .data               STemWin526_CM3_OS_Keil.lib(gui_core.o)
    0x20000262   0x00000002   Data   RW         1987    .data               STemWin526_CM3_OS_Keil.lib(gui_core.o)
    0x20000264   0x0000000c   Data   RW         2016    .data               STemWin526_CM3_OS_Keil.lib(gui_curs1.o)
    0x20000270   0x00000030   Data   RW         2092    .data               STemWin526_CM3_OS_Keil.lib(gui_touch_driveranalog.o)
    0x200002a0   0x00000008   Data   RW         2125    .data               STemWin526_CM3_OS_Keil.lib(guicc_m565.o)
    0x200002a8   0x00000004   Data   RW         2151    .data               STemWin526_CM3_OS_Keil.lib(lcd.o)
    0x200002ac   0x00000004   Data   RW         2322    .data               STemWin526_CM3_OS_Keil.lib(guidev_16.o)
    0x200002b0   0x0000000c   Data   RW         2344    .data               STemWin526_CM3_OS_Keil.lib(button_skin.o)
    0x200002bc   0x00000020   Data   RW         2353    .data               STemWin526_CM3_OS_Keil.lib(button_skinflex.o)
    0x200002dc   0x00000020   Data   RW         2354    .data               STemWin526_CM3_OS_Keil.lib(button_skinflex.o)
    0x200002fc   0x00000020   Data   RW         2355    .data               STemWin526_CM3_OS_Keil.lib(button_skinflex.o)
    0x2000031c   0x00000020   Data   RW         2356    .data               STemWin526_CM3_OS_Keil.lib(button_skinflex.o)
    0x2000033c   0x00000004   Data   RW         2419    .data               STemWin526_CM3_OS_Keil.lib(gui_charline.o)
    0x20000340   0x00000008   Data   RW         2481    .data               STemWin526_CM3_OS_Keil.lib(gui_selectlayer.o)
    0x20000348   0x0000001c   Data   RW         2589    .data               STemWin526_CM3_OS_Keil.lib(gui_task.o)
    0x20000364   0x00000008   Data   RW         2599    .data               STemWin526_CM3_OS_Keil.lib(gui_touch_storeunstable.o)
    0x2000036c   0x00000010   Data   RW         2609    .data               STemWin526_CM3_OS_Keil.lib(lcd_color.o)
    0x2000037c   0x0000003c   Data   RW         2658    .data               STemWin526_CM3_OS_Keil.lib(button.o)
    0x200003b8   0x00000060   Data   RW         2740    .data               STemWin526_CM3_OS_Keil.lib(wm.o)
    0x20000418   0x00000001   Data   RW         2741    .data               STemWin526_CM3_OS_Keil.lib(wm.o)
    0x20000419   0x00000003   PAD
    0x2000041c   0x00000014   Data   RW         2833    .data               STemWin526_CM3_OS_Keil.lib(gui__managecache.o)
    0x20000430   0x0000000c   Data   RW         2863    .data               STemWin526_CM3_OS_Keil.lib(gui_onkey.o)
    0x2000043c   0x0000000c   Data   RW         2912    .data               STemWin526_CM3_OS_Keil.lib(gui_waitevent.o)
    0x20000448   0x00000004   Data   RW         3056    .data               STemWin526_CM3_OS_Keil.lib(guidev_banding.o)
    0x2000044c   0x00000001   Data   RW         3071    .data               STemWin526_CM3_OS_Keil.lib(guidev_staticdevices.o)
    0x2000044d   0x00000003   PAD
    0x20000450   0x00000004   Data   RW         3142    .data               STemWin526_CM3_OS_Keil.lib(wm__sendmessage.o)
    0x20000454   0x0000000c   Data   RW         3186    .data               STemWin526_CM3_OS_Keil.lib(wm_touch.o)
    0x20000460   0x00000028   Data   RW         3216    .data               STemWin526_CM3_OS_Keil.lib(gui__alpha.o)
    0x20000488   0x00000008   Data   RW         3272    .data               STemWin526_CM3_OS_Keil.lib(gui_pid.o)
    0x20000490   0x00000020   Data   RW         3315    .data               STemWin526_CM3_OS_Keil.lib(gui_setalpha.o)
    0x200004b0   0x00000014   Data   RW         3371    .data               STemWin526_CM3_OS_Keil.lib(gui_timer.o)
    0x200004c4   0x00000004   Data   RW         3696    .data               STemWin526_CM3_OS_Keil.lib(lcd_aa.o)
    0x200004c8   0x00001bf8   Zero   RW            2    .bss                main.o
    0x200020c0   0x0000000e   Zero   RW          469    .bss                ili93xx.o
    0x200020ce   0x00000002   PAD
    0x200020d0   0x000002c0   Zero   RW          659    .bss                sdio_sdcard.o
    0x20002390   0x00001000   Zero   RW          686    .bss                w25qxx.o
    0x20003390   0x00000018   Zero   RW          718    .bss                max6675.o
    0x200033a8   0x0000002c   Zero   RW          737    .bss                pid.o
    0x200033d4   0x00000164   Zero   RW          789    .bss                smithpid.o
    0x20003538   0x000000ff   Zero   RW          806    .bss                esp8266.o
    0x20003637   0x000000c8   Zero   RW          901    .bss                usart.o
    0x200036ff   0x00000001   PAD
    0x20003700   0x00008400   Zero   RW          927    .bss                malloc.o
    0x2000bb00   0x00000840   Zero   RW          928    .bss                malloc.o
    0x2000c340   0x00000448   Zero   RW         1126    .bss                lib_mem.o
    0x2000c788   0x00000010   Zero   RW         1166    .bss                cpu_core.o
    0x2000c798   0x00000200   Zero   RW         1209    .bss                os_cfg_app.o
    0x2000c998   0x00000140   Zero   RW         1210    .bss                os_cfg_app.o
    0x2000cad8   0x00000200   Zero   RW         1211    .bss                os_cfg_app.o
    0x2000ccd8   0x00000200   Zero   RW         1212    .bss                os_cfg_app.o
    0x2000ced8   0x00000640   Zero   RW         1213    .bss                os_cfg_app.o
    0x2000d518   0x00000200   Zero   RW         1214    .bss                os_cfg_app.o
    0x2000d718   0x00000200   Zero   RW         1215    .bss                os_cfg_app.o
    0x2000d918   0x00000088   Zero   RW         1216    .bss                os_cfg_app.o
    0x2000d9a0   0x00000200   Zero   RW         1217    .bss                os_cfg_app.o
    0x2000dba0   0x00000088   Zero   RW         1218    .bss                os_cfg_app.o
    0x2000dc28   0x000000c4   Zero   RW         1443    .bss                os_var.o
    0x2000dcec   0x000000c4   Zero   RW         1444    .bss                os_var.o
    0x2000ddb0   0x0000000c   Zero   RW         1445    .bss                os_var.o
    0x2000ddbc   0x00000300   Zero   RW         1446    .bss                os_var.o
    0x2000e0bc   0x000000c4   Zero   RW         1447    .bss                os_var.o
    0x2000e180   0x000000c4   Zero   RW         1448    .bss                os_var.o
    0x2000e244   0x000000c4   Zero   RW         1449    .bss                os_var.o
    0x2000e308   0x00000400   Zero   RW         1730    .bss                guicharpex.o
    0x2000e708   0x00000021   Zero   RW         1868    .bss                fontupd.o
    0x2000e729   0x00000003   PAD
    0x2000e72c   0x000000c8   Zero   RW         1922    .bss                STemWin526_CM3_OS_Keil.lib(gui_alloc.o)
    0x2000e7f4   0x00000070   Zero   RW         1976    .bss                STemWin526_CM3_OS_Keil.lib(gui_core.o)
    0x2000e864   0x00000028   Zero   RW         2015    .bss                STemWin526_CM3_OS_Keil.lib(gui_curs1.o)
    0x2000e88c   0x00000010   Zero   RW         2091    .bss                STemWin526_CM3_OS_Keil.lib(gui_touch_driveranalog.o)
    0x2000e89c   0x00000018   Zero   RW         2739    .bss                STemWin526_CM3_OS_Keil.lib(wm.o)
    0x2000e8b4   0x00000058   Zero   RW         2862    .bss                STemWin526_CM3_OS_Keil.lib(gui_onkey.o)
    0x2000e90c   0x0000000c   Zero   RW         2889    .bss                STemWin526_CM3_OS_Keil.lib(gui_touch_storestate.o)
    0x2000e918   0x00000048   Zero   RW         3185    .bss                STemWin526_CM3_OS_Keil.lib(wm_touch.o)
    0x2000e960   0x00000048   Zero   RW         3271    .bss                STemWin526_CM3_OS_Keil.lib(gui_pid.o)
    0x2000e9a8   0x0000000c   Zero   RW         3392    .bss                STemWin526_CM3_OS_Keil.lib(gui_touch.o)
    0x2000e9b4   0x00000018   Zero   RW         3655    .bss                STemWin526_CM3_OS_Keil.lib(wm_pid__getprevstate.o)
    0x2000e9cc   0x00000060   Zero   RW         4080    .bss                c_w.l(libspace.o)
    0x2000ea2c   0x00000004   PAD
    0x2000ea30   0x00000c00   Zero   RW          863    HEAP                startup_stm32f10x_hd.o
    0x2000f630   0x00000800   Zero   RW          862    STACK               startup_stm32f10x_hd.o



  Load Region LR$$.ARM.__AT_0x68000000 (Base: 0x68000000, Size: 0x00000000, Max: 0x000c8000, ABSOLUTE)

    Execution Region ER$$.ARM.__AT_0x68000000 (Base: 0x68000000, Size: 0x000c8000, Max: 0x000c8000, ABSOLUTE, UNINIT)

    Base Addr    Size         Type   Attr      Idx    E Section Name        Object

    0x68000000   0x000c8000   Zero   RW          925    .ARM.__AT_0x68000000  malloc.o



  Load Region LR$$.ARM.__AT_0x680C8000 (Base: 0x680c8000, Size: 0x00000000, Max: 0x0000c800, ABSOLUTE)

    Execution Region ER$$.ARM.__AT_0x680C8000 (Base: 0x680c8000, Size: 0x0000c800, Max: 0x0000c800, ABSOLUTE, UNINIT)

    Base Addr    Size         Type   Attr      Idx    E Section Name        Object

    0x680c8000   0x0000c800   Zero   RW          926    .ARM.__AT_0x680C8000  malloc.o


==============================================================================

Image component sizes


      Code (inc. data)   RO Data    RW Data    ZI Data      Debug   Object Name

       318          0          0          0          0       3002   24cxx.o
       100          8          0          0          0        788   beep.o
       104         12          0          0          0       1961   bsp.o
         0          0          0          0          0         32   core_cm3.o
        52          0          0          0          0        400   cpu_a.o
       444         12        256          4         16      14637   cpu_core.o
       620         16          0          0          0       3079   ctiic.o
       280         28          0          4          0       2751   delay.o
       324          8          0          2          0       3458   diskio.o
       472        202          0          8        255       2677   esp8266.o
       300          8        408         20          0       3026   exfuns.o
     10472        136         58         12          0      39840   ff.o
      1198        136        111          0         33       5288   fontupd.o
       692         32         10          1          0       3019   ft5206.o
       840         26        588         48          0       3248   fuzzypid.o
       900         70        194          1          0       3510   gt9147.o
         0          0         78          0          0        973   gui_fonthz12.o
         0          0         76          0          0        973   gui_fonthz16.o
         0          0         76          0          0        973   gui_fonthz24.o
        62          0         16          0          0       2061   gui_uc_encodenone.o
       100          8          0          0          0       1208   gui_x_touch_analog.o
       312         44          0         20          0       3825   gui_x_ucosiii.o
       592         36       7220          0       1024       6970   guicharpex.o
        40          4          0          0          0        679   guiconf.o
      1840         76         52          8          0      60498   guidrv_template.o
     15344        118       6080          4         14      55855   ili93xx.o
       316         18          0          1          0       1052   key.o
       276         12          0          0          0       1159   lcdconf_flexcolor_template.o
        80         10          0          0          0        599   led.o
       346          0          0          0          0       4570   lib_ascii.o
      1640         26          0          4       1096      22728   lib_mem.o
       544          0          0          0          0        548   lib_mem_a.o
      1448          4        148          0          0      12820   lib_str.o
      3176        772        143          4       7160     383216   main.o
       444          8         24         28     906304       5202   malloc.o
       476         90          0          2         24       3285   max6675.o
       176         14          0          0          0       2133   misc.o
       148         14        960          0          0       1797   mycc936.o
       556         10          0          0          0       2088   myiic.o
         2          0        148          0       5264      21242   os_cfg_app.o
      2800        280          0          0          0      13535   os_core.o
       152         32          0          0          0        456   os_cpu_a.o
       404         64          0          4          0       4141   os_cpu_c.o
         2          0          0          0          0        562   os_dbg.o
      1896         80          0          0          0       8429   os_flag.o
       808        146          0          0          0       2828   os_int.o
       372         20          0          0          0       2808   os_mem.o
       392         14          0          0          0       3255   os_msg.o
      1764         92          0          0          0       6276   os_mutex.o
       112          6          0          8          0       2148   os_prio.o
      1552         66          0          0          0       6762   os_q.o
      1364         58          0          0          0       6742   os_sem.o
      1024        146          0          0          0       3201   os_stat.o
      3884        216          0          0          0      15654   os_task.o
       848         82          0          0          0       3883   os_tick.o
       784         42          0          0          0       3649   os_time.o
      1628        128          0          0          0       6958   os_tmr.o
         0          0          0        174       1760      19549   os_var.o
       740         54         10          1          0       3193   ott2001a.o
       180         18          0          0         44       1734   pid.o
       152         10          0          0          0        844   pwm.o
      5776        114          0         16        704      26478   sdio_sdcard.o
       544         50          0          8        356       2766   smithpid.o
       244          8          0          0          0       1217   spi.o
       352         38          0          0          0       2051   sram.o
        64         26        304          0       5120        856   startup_stm32f10x_hd.o
       456         10          0          0          0       4886   stm32f10x_dma.o
      1148          6          0          0          0       6087   stm32f10x_fsmc.o
       612         36          0          0          0       6257   stm32f10x_gpio.o
        14          0          0          0          0       1071   stm32f10x_it.o
       696         32          0         20          0       9340   stm32f10x_rcc.o
       428         18          0          0          0       7448   stm32f10x_sdio.o
       628         14          0          0          0       7278   stm32f10x_spi.o
      2800         84          0          0          0      24198   stm32f10x_tim.o
       808         22          0          0          0       9120   stm32f10x_usart.o
        12          0          0          0          0        679   sys.o
       344         34          0         20          0       2079   system_stm32f10x.o
       292         14          0          6          0       2285   timer.o
      2928        176        125         56          0       7611   touch.o
       288         18          0          6        200       3602   usart.o
       228         10          0          0          0       1148   usart2.o
       836         24          0          2       4096       5131   w25qxx.o

    ----------------------------------------------------------------------
     85402       4246      17126        528     933476     935365   Object Totals
         0          0         32          0          0          0   (incl. Generated)
        12          0          9         36          6          0   (incl. Padding)

    ----------------------------------------------------------------------

      Code (inc. data)   RO Data    RW Data    ZI Data      Debug   Library Member Name

       166          0          0         60          0        248   button.o
       202         12          0         12          0        244   button_skin.o
       334          0         12          0          0        156   button_skinclassic.o
       568          6         16        128          0         92   button_skinflex.o
         0          0       2155          0          0          0   f13_1.o
         0          0       2046          0          0          0   f13_ascii.o
         0          0       1816          0          0          0   f6x8.o
       128          4          0          0          0         84   gui_2dlib.o
       856         38          0         40          0        512   gui__alpha.o
       648          0          0          0          0        160   gui__compactpixelindices.o
         0          0        256          0          0          0   gui__divtbl_255_31.o
         0          0        256          0          0          0   gui__divtbl_255_63.o
         0          0         32          0          0          0   gui__divtbl_31_255.o
         0          0         64          0          0          0   gui__divtbl_63_255.o
       562          4          0          0          0        280   gui__drawtwinarc.o
       322          0          0          0          0        108   gui__expandpixelindices.o
        20          6          0          0          0         68   gui__getfontsizey.o
        24          0          0          0          0         68   gui__handleeoline.o
        58          0          0          0          0         68   gui__intersectrect.o
        82          0          0          0          0         80   gui__intersectrects.o
       216          8          0         20          0        156   gui__managecache.o
        76          0          0          0          0         76   gui__memset.o
        60          0          0          0          0         76   gui__memset16.o
        26          0          0          0          0         68   gui__reducerect.o
        26          0          0          0          0         68   gui__sqrt32.o
       152         10         40          0          0         84   gui_adddecshift.o
      1854        120          0          8        200       1908   gui_alloc.o
        46          0          0          0          0         80   gui_alloc_alloczero.o
        60          0          0          0          0         76   gui_calccolordist.o
       264         32          0          0          0        480   gui_char.o
       458         36          0          4          0        472   gui_charline.o
       394         10          0          0          0        300   gui_charm.o
       308         10          0          0          0        384   gui_charp.o
       476         78          8         74        112        620   gui_core.o
       484         44          0         12         40        492   gui_curs1.o
         0          0         32          0          0          0   gui_cursorarrowm.o
         0          0         60          0          0          0   gui_cursorarrowmpx.o
         0          0         24          0          0          0   gui_cursorpal.o
       434         34          8          0          0        676   gui_device.o
       180         12          0          0          0        168   gui_dispchar.o
       264          4          0          0          0         88   gui_dispstring.o
        40          6          0          0          0         88   gui_dispstringat.o
       408          4          0          0          0        252   gui_dispstringinrect.o
        44          0          0          0          0         88   gui_draw.o
       244         14          0          0          0        184   gui_drawbitmap.o
       172          4          0          0          0         76   gui_drawfocusrect.o
       502          8          0          0          0        204   gui_drawgradient.o
        88          6          0          0          0         84   gui_drawhline.o
        80          6          0          0          0         80   gui_drawvline.o
        52          4          0          0          0        152   gui_exec.o
        88          4          0          0          0         84   gui_fillrect.o
       160          0          0          0          0        152   gui_getbitmappixelindex.o
        10          0          0          0          0         68   gui_getclientrect.o
        48          0          0          0          0        152   gui_getcolor.o
        20          0          0          0          0         76   gui_getfontsizey.o
        54         10          0          0          0        156   gui_getorg.o
        66         12          0          0          0        216   gui_goto.o
        88          0          0          0          0         76   gui_mergerect.o
        30          0          0          0          0         68   gui_moverect.o
       102         12          0         12         88        284   gui_onkey.o
        28          4          0          0          0         80   gui_pen.o
       248         36          0          8         72        444   gui_pid.o
        56          0          0          0          0         68   gui_rectsintersect.o
        32         10          0          0          0        136   gui_savecontext.o
       198         14          0          8          0        476   gui_selectlayer.o
        26          0          0          0          0         80   gui_selectlcd.o
        36          4          0         32          0         76   gui_setalpha.o
        44          0          0          0          0        160   gui_setcolor.o
        64          6          0          0          0         80   gui_setdefault.o
        24          0          0          0          0         76   gui_setdrawmode.o
        32          6          0          0          0         80   gui_setfont.o
        28          4          0          0          0         80   gui_setlinestyle.o
        64         16          0          0          0         88   gui_setorg.o
        32          6          0          0          0         80   gui_settextalign.o
        32          6          0          0          0         80   gui_settextmode.o
      4666         50         52          0          0       2720   gui_sprite.o
       324         32          0         28          0        392   gui_task.o
       104          6          0          0          0         84   gui_time.o
       354         16          0         20          0        484   gui_timer.o
        44          6          0          0         12         84   gui_touch.o
       632         46          0         48         16        472   gui_touch_driveranalog.o
        36          6          0          0         12         68   gui_touch_storestate.o
        44          4          0          8          0         88   gui_touch_storeunstable.o
        84         10          0          0          0        168   gui_uc.o
        34          0          0          0          0         80   gui_val.o
        16          4          0         12          0         68   gui_waitevent.o
       198          0         24          0          0        244   guicc_0.o
        36          0         24          0          0        288   guicc_8888.o
         2          0          0          0          0         68   guicc_8888_index2color.o
         2          0          0          0          0         68   guicc_888_index2color.o
       250         42         24          8          0        412   guicc_m565.o
       794         38          0          0          0        680   guidev.o
      2324         66        116          4          0       1336   guidev_16.o
      2356         62        116          0          0       1440   guidev_32.o
       308         14          0          4          0        168   guidev_banding.o
        68          4          0          0          0         76   guidev_clear.o
        34          0          0          0          0         80   guidev_getdataptr.o
        52          6          0          0          0         80   guidev_getysize.o
        56          4          0          0          0         80   guidev_reduceysize.o
       100          4          0          0          0         80   guidev_setorg.o
       358         22          0          1          0        188   guidev_staticdevices.o
        84          0          0          0          0        164   guidev_usage.o
       424          4         24          0          0        460   guidev_usagebm.o
       116          4          0          0          0        148   guidev_write.o
       400         14          0          0          0         96   guidev_writetoactivealpha.o
      1868         16          8          0          0        492   guidev_writetoactiveopaque.o
      1730        118         12          4          0       1436   lcd.o
        16          6          0          4          0         68   lcd_aa.o
       260         26          0         16          0        388   lcd_color.o
        32         12          0          0          0        136   lcd_getcolorindex.o
       384         32          0          0          0       1340   lcd_getex.o
        26          0          0          0          0         80   lcd_getnumdisplays.o
         0          0        256          0          0          0   lcd_mirror.o
       504         18          0          0          0        184   lcd_readrect.o
        64         10          0          0          0         80   lcd_selectlcd.o
       260          0          0          0          0        500   lcd_set.o
        48         10          0          0          0         80   lcd_setcliprectex.o
        36          4          0          0          0         80   lcd_updatecolorindices.o
       100          0          0          0          0        160   widget.o
      4686        232          0         97         24       4200   wm.o
        18          0          0          0          0         76   wm__getfirstsibling.o
        36          0          0          0          0         80   wm__getprevsibling.o
        34          0          0          0          0         80   wm__isancestor.o
        22          0          0          0          0         76   wm__isenabled.o
        60          6          0          4          0         88   wm__sendmessage.o
        28          0          0          0          0         92   wm__sendmessageifenabled.o
        38          0          0          0          0         80   wm__sendmessagenopara.o
       220          0          0          0          0         96   wm__updatechildpositions.o
       136          0          0          0          0         92   wm_bringtobottom.o
        60         12          0          0          0        136   wm_criticalhandle.o
       102         10          0          0          0        248   wm_getclientrect.o
        24         10          0          0          0         68   wm_getdesktopwindow.o
        20          4          0          0          0         68   wm_getdesktopwindowex.o
        26          0          0          0          0         76   wm_getfirstchild.o
        32          0          0          0          0         80   wm_getorg.o
        26          0          0          0          0         76   wm_getparent.o
       102          0          0          0          0        228   wm_getwindowsize.o
        24          0          0          0          0         76   wm_iswindow.o
       294          0          0          0          0        272   wm_move.o
        16          0          0          0          0         76   wm_notifyparent.o
        64          8          0          0          0         88   wm_onkey.o
        24          6          0          0         24         68   wm_pid__getprevstate.o
       244          0          0          0          0         88   wm_resizewindow.o
       204          6          0          0          0        324   wm_screen2win.o
        26          0          0          0          0         88   wm_sendmessagenopara.o
        38          0          0          0          0         92   wm_sendtoparent.o
        62          8          0          0          0        160   wm_setcapture.o
        72          0          0          0          0         84   wm_setsize.o
        72          4          0          0          0         80   wm_settrans.o
        32          4          0          0          0         80   wm_setusercliprect.o
       124          0          0          0          0        164   wm_timer.o
      1108         46          0         12         72        344   wm_touch.o
        56          6          0          0          0         80   wm_validatewindow.o
        90          0          0          0          0          0   __dczerorl2.o
         8          0          0          0          0         68   __main.o
       312          4         17          0          0         92   __printf_flags_wp.o
        14          0          0          0          0         68   __printf_wp.o
         0          0          0          0          0          0   __rtentry.o
        12          0          0          0          0          0   __rtentry2.o
         6          0          0          0          0          0   __rtentry4.o
        52          8          0          0          0          0   __scatter.o
        28          0          0          0          0          0   __scatter_zi.o
        44          0          0          0          0        108   _printf_char.o
        48          6          0          0          0         96   _printf_char_common.o
        36          4          0          0          0         80   _printf_char_file.o
         6          0          0          0          0          0   _printf_d.o
       120         16          0          0          0         92   _printf_dec.o
         6          0          0          0          0          0   _printf_f.o
      1050          0          0          0          0        216   _printf_fp_dec.o
       128         16          0          0          0         84   _printf_fp_infnan.o
        88          4         40          0          0         88   _printf_hex_int.o
       178          0          0          0          0         88   _printf_intcommon.o
        78          0          0          0          0        108   _printf_pad.o
         0          0          0          0          0          0   _printf_percent.o
         4          0          0          0          0          0   _printf_percent_end.o
         6          0          0          0          0          0   _printf_s.o
        82          0          0          0          0         80   _printf_str.o
         6          0          0          0          0          0   _printf_x.o
        22          0          0          0          0        100   _rserrno.o
        10          0          0          0          0         68   _sputc.o
        16          0          0          0          0         68   aeabi_memset.o
       220          4        148          0          0         96   bigflt0.o
      1910        128          0          0          0        672   btod.o
        18          0          0          0          0         80   exit.o
         8          0          0          0          0         68   ferror.o
         6          0          0          0          0        152   heapauxi.o
        44         10         28          0          0         76   lc_numeric_c.o
         2          0          0          0          0          0   libinit.o
        18          0          0          0          0          0   libinit2.o
         2          0          0          0          0          0   libshutdown.o
         2          0          0          0          0          0   libshutdown2.o
         8          4          0          0         96         68   libspace.o
        72          0          0          0          0         76   llsdiv.o
       138          0          0          0          0         80   lludiv10.o
       238          0          0          0          0        100   lludivv7m.o
        88          0          0          0          0         76   memcmp.o
        24          4          0          0          0         84   noretval__2printf.o
        40          6          0          0          0         84   noretval__2sprintf.o
         8          4          0          0          0         68   rt_errno_addr_intlibspace.o
         8          4          0          0          0         68   rt_locale_intlibspace.o
        68          0          0          0          0         68   rt_memclr.o
        78          0          0          0          0         80   rt_memclr_w.o
       138          0          0          0          0         68   rt_memcpy_v6.o
       100          0          0          0          0         80   rt_memcpy_w.o
       132          0          0          0          0         68   rt_memmove_v6.o
       122          0          0          0          0         80   rt_memmove_w.o
         2          0          0          0          0          0   rtexit.o
        10          0          0          0          0          0   rtexit2.o
        24          0          0          0          0         68   strcat.o
       128          0          0          0          0         68   strcmpv7m.o
        72          0          0          0          0         80   strcpy.o
        62          0          0          0          0         76   strlen.o
        74          0          0          0          0         80   sys_stackheap_outer.o
        98          4          0          0          0         92   d2f.o
       826         16          0          0          0        348   daddsub_clz.o
        16          4          0          0          0         68   dcheck1.o
        24          0          0          0          0         68   dcmpi.o
       688        140          0          0          0        208   ddiv.o
        94          4          0          0          0         92   dfix.o
        90          4          0          0          0         92   dfixu.o
        84          0          0          0          0        136   dflt_clz.o
       120          4          0          0          0         92   dleqf.o
       340         12          0          0          0        104   dmul.o
       156          4          0          0          0         92   dnaninf.o
        12          0          0          0          0         68   dretinf.o
       108          0          0          0          0         80   drleqf.o
       460         56          0          0          0        120   dsqrt_noumaal.o
        86          4          0          0          0         84   f2d.o
       450          8          0          0          0        236   faddsub_clz.o
        12          4          0          0          0         68   fcheck1.o
        24          0          0          0          0         68   fcmpi.o
       388         76          0          0          0         96   fdiv.o
       104          4          0          0          0         84   feqf.o
        54          4          0          0          0         84   ffix.o
        62          4          0          0          0         84   ffixu.o
        86          0          0          0          0        136   fflt_clz.o
       104          4          0          0          0         84   fleqf.o
       258          4          0          0          0         84   fmul.o
       140          4          0          0          0         84   fnaninf.o
        10          0          0          0          0         68   fretinf.o
        98          0          0          0          0         68   frleqf.o
         4          0          0          0          0         68   printf1.o
       100          0          0          0          0         68   retnan.o
        92          0          0          0          0         68   scalbn.o
        76          0          0          0          0         68   scalbnf.o
        48          0          0          0          0         68   trapv.o
         0          0          0          0          0          0   usenofp.o
        36          6          0          0          0        204   dunder.o
       644         90         88          0          0        204   exp.o
        40          0          0          0          0         68   fpclassify.o
       170          0          0          0          0         96   poly.o
        76          0          0          0          0         84   sqrt.o

    ----------------------------------------------------------------------
     53464       2430       7808        696        772      45208   Library Totals
       126          0          6          8          4          0   (incl. Padding)

    ----------------------------------------------------------------------

      Code (inc. data)   RO Data    RW Data    ZI Data      Debug   Library Name

     40746       1748       7481        688        672      37056   STemWin526_CM3_OS_Keil.lib
      6314        222        233          0         96       4168   c_w.l
      5312        364          0          0          0       3328   fz_ws.l
       966         96         88          0          0        656   m_ws.l

    ----------------------------------------------------------------------
     53464       2430       7808        696        772      45208   Library Totals

    ----------------------------------------------------------------------

==============================================================================


      Code (inc. data)   RO Data    RW Data    ZI Data      Debug   

    138866       6676      24934       1224     934248     944065   Grand Totals
    138866       6676      24934        292     934248     944065   ELF Image Totals (compressed)
    138866       6676      24934        292          0          0   ROM Totals

==============================================================================

    Total RO  Size (Code + RO Data)               163800 ( 159.96kB)
    Total RW  Size (RW Data + ZI Data)            935472 ( 913.55kB)
    Total ROM Size (Code + RO Data + RW Data)     164092 ( 160.25kB)

==============================================================================

